Component: ARM Compiler 5.06 update 3 (build 300) Tool: armlink [4d35c9]

==============================================================================

Section Cross References

    startup_stm32f767xx.o(RESET) refers to startup_stm32f767xx.o(STACK) for __initial_sp
    startup_stm32f767xx.o(RESET) refers to startup_stm32f767xx.o(.text) for Reset_Handler
    startup_stm32f767xx.o(RESET) refers to stm32f7xx_it.o(i.NMI_Handler) for NMI_Handler
    startup_stm32f767xx.o(RESET) refers to stm32f7xx_it.o(i.HardFault_Handler) for HardFault_Handler
    startup_stm32f767xx.o(RESET) refers to stm32f7xx_it.o(i.MemManage_Handler) for MemManage_Handler
    startup_stm32f767xx.o(RESET) refers to stm32f7xx_it.o(i.BusFault_Handler) for BusFault_Handler
    startup_stm32f767xx.o(RESET) refers to stm32f7xx_it.o(i.UsageFault_Handler) for UsageFault_Handler
    startup_stm32f767xx.o(RESET) refers to stm32f7xx_it.o(i.SVC_Handler) for SVC_Handler
    startup_stm32f767xx.o(RESET) refers to stm32f7xx_it.o(i.DebugMon_Handler) for DebugMon_Handler
    startup_stm32f767xx.o(RESET) refers to stm32f7xx_it.o(i.PendSV_Handler) for PendSV_Handler
    startup_stm32f767xx.o(RESET) refers to stm32f7xx_it.o(i.SysTick_Handler) for SysTick_Handler
    startup_stm32f767xx.o(RESET) refers to stm32f7xx_it.o(i.DMA1_Stream5_IRQHandler) for DMA1_Stream5_IRQHandler
    startup_stm32f767xx.o(RESET) refers to stm32f7xx_it.o(i.DMA1_Stream6_IRQHandler) for DMA1_Stream6_IRQHandler
    startup_stm32f767xx.o(RESET) refers to stm32f7xx_it.o(i.USART1_IRQHandler) for USART1_IRQHandler
    startup_stm32f767xx.o(RESET) refers to stm32f7xx_it.o(i.USART2_IRQHandler) for USART2_IRQHandler
    startup_stm32f767xx.o(RESET) refers to stm32f7xx_it.o(i.EXTI15_10_IRQHandler) for EXTI15_10_IRQHandler
    startup_stm32f767xx.o(RESET) refers to stm32f7xx_it.o(i.UART4_IRQHandler) for UART4_IRQHandler
    startup_stm32f767xx.o(RESET) refers to stm32f7xx_it.o(i.UART5_IRQHandler) for UART5_IRQHandler
    startup_stm32f767xx.o(.text) refers to system_stm32f7xx.o(i.SystemInit) for SystemInit
    startup_stm32f767xx.o(.text) refers to entry.o(.ARM.Collect$$$$00000000) for __main
    main.o(i.main) refers to config.o(i.CacheEnalble) for CacheEnalble
    main.o(i.main) refers to stm32f7xx_hal.o(i.HAL_Init) for HAL_Init
    main.o(i.main) refers to clock_init.o(i.SystemClock_Config) for SystemClock_Config
    main.o(i.main) refers to led.o(i.LED_Init) for LED_Init
    main.o(i.main) refers to usb2uart.o(i.USB2UART_Init) for USB2UART_Init
    main.o(i.main) refers to dynamixelmotor.o(i.DXLMotor_Init) for DXLMotor_Init
    main.o(i.main) refers to mti_630.o(i.MTi_630_Init) for MTi_630_Init
    main.o(i.main) refers to commandprocess.o(i.Data_Receive) for Data_Receive
    main.o(i.main) refers to dataframe.o(i.Data_Send) for Data_Send
    stm32f7xx_it.o(i.DMA1_Stream5_IRQHandler) refers to usb2uart.o(i.USB2UART_SendData) for USB2UART_SendData
    stm32f7xx_it.o(i.DMA1_Stream5_IRQHandler) refers to mti_630.o(.bss) for hdma_usart2_rx
    stm32f7xx_it.o(i.DMA1_Stream6_IRQHandler) refers to stm32f7xx_hal_dma.o(i.HAL_DMA_IRQHandler) for HAL_DMA_IRQHandler
    stm32f7xx_it.o(i.DMA1_Stream6_IRQHandler) refers to mti_630.o(.bss) for hdma_usart2_tx
    stm32f7xx_it.o(i.EXTI15_10_IRQHandler) refers to stm32f7xx_hal_gpio.o(i.HAL_GPIO_EXTI_IRQHandler) for HAL_GPIO_EXTI_IRQHandler
    stm32f7xx_it.o(i.NMI_Handler) refers to stm32f7xx_hal_rcc.o(i.HAL_RCC_NMI_IRQHandler) for HAL_RCC_NMI_IRQHandler
    stm32f7xx_it.o(i.SysTick_Handler) refers to stm32f7xx_hal.o(i.HAL_IncTick) for HAL_IncTick
    stm32f7xx_it.o(i.UART4_IRQHandler) refers to usb2uart.o(.bss) for huart4
    stm32f7xx_it.o(i.UART4_IRQHandler) refers to stm32f7xx_it.o(.data) for .data
    stm32f7xx_it.o(i.UART5_IRQHandler) refers to stm32f7xx_hal_uart.o(i.HAL_UART_IRQHandler) for HAL_UART_IRQHandler
    stm32f7xx_it.o(i.UART5_IRQHandler) refers to debug_uart5.o(.bss) for huart5
    stm32f7xx_it.o(i.USART1_IRQHandler) refers to dynamixelmotor.o(.bss) for huart1
    stm32f7xx_it.o(i.USART1_IRQHandler) refers to stm32f7xx_it.o(.data) for .data
    stm32f7xx_it.o(i.USART2_IRQHandler) refers to usb2uart.o(i.USB2UART_SendData) for USB2UART_SendData
    stm32f7xx_it.o(i.USART2_IRQHandler) refers to mti_630.o(.bss) for huart2
    stm32f7xx_hal_msp.o(i.HAL_UART_MspDeInit) refers to stm32f7xx_hal_gpio.o(i.HAL_GPIO_DeInit) for HAL_GPIO_DeInit
    stm32f7xx_hal_msp.o(i.HAL_UART_MspDeInit) refers to stm32f7xx_hal_cortex.o(i.HAL_NVIC_DisableIRQ) for HAL_NVIC_DisableIRQ
    stm32f7xx_hal_msp.o(i.HAL_UART_MspInit) refers to stm32f7xx_hal_gpio.o(i.HAL_GPIO_Init) for HAL_GPIO_Init
    stm32f7xx_hal_msp.o(i.HAL_UART_MspInit) refers to stm32f7xx_hal_cortex.o(i.HAL_NVIC_SetPriority) for HAL_NVIC_SetPriority
    stm32f7xx_hal_msp.o(i.HAL_UART_MspInit) refers to stm32f7xx_hal_cortex.o(i.HAL_NVIC_EnableIRQ) for HAL_NVIC_EnableIRQ
    clock_init.o(i.SystemClock_Config) refers to memseta.o(.text) for __aeabi_memclr4
[...]
    Removing mti_630.o(.rrx_text), (6 bytes).
    Removing mti_630.o(i.MTi_630_SendData), (36 bytes).
    Removing mti_630.o(.data), (1 bytes).
    Removing commandprocess.o(.rev16_text), (4 bytes).
    Removing commandprocess.o(.revsh_text), (4 bytes).
    Removing commandprocess.o(.rrx_text), (6 bytes).
    Removing commandprocess.o(i.Cmd_Choose), (28 bytes).
    Removing commandprocess.o(i.IMU_cmd_Send), (2 bytes).
    Removing commandprocess.o(i.Left_cmd_Send), (2 bytes).
    Removing commandprocess.o(i.MCU_cmd_Send), (32 bytes).
    Removing commandprocess.o(i.Motor_cmd_Send), (32 bytes).
    Removing commandprocess.o(i.Right_cmd_Send), (2 bytes).
    Removing dataframe.o(.rev16_text), (4 bytes).
    Removing dataframe.o(.revsh_text), (4 bytes).
    Removing dataframe.o(.rrx_text), (6 bytes).
    Removing dataframe.o(i.IMU_Frame), (20 bytes).
    Removing dataframe.o(i.Left_Frame), (2 bytes).
    Removing dataframe.o(i.MCU_Frame), (2 bytes).
    Removing dataframe.o(i.Right_Frame), (2 bytes).
    Removing stm32f7xx_hal_cortex.o(.rev16_text), (4 bytes).
    Removing stm32f7xx_hal_cortex.o(.revsh_text), (4 bytes).
    Removing stm32f7xx_hal_cortex.o(.rrx_text), (6 bytes).
    Removing stm32f7xx_hal_cortex.o(i.HAL_MPU_ConfigRegion), (84 bytes).
    Removing stm32f7xx_hal_cortex.o(i.HAL_MPU_Disable), (32 bytes).
    Removing stm32f7xx_hal_cortex.o(i.HAL_MPU_Enable), (36 bytes).
    Removing stm32f7xx_hal_cortex.o(i.HAL_NVIC_ClearPendingIRQ), (30 bytes).
    Removing stm32f7xx_hal_cortex.o(i.HAL_NVIC_DisableIRQ), (38 bytes).
    Removing stm32f7xx_hal_cortex.o(i.HAL_NVIC_GetActive), (38 bytes).
    Removing stm32f7xx_hal_cortex.o(i.HAL_NVIC_GetPendingIRQ), (38 bytes).
    Removing stm32f7xx_hal_cortex.o(i.HAL_NVIC_GetPriority), (84 bytes).
    Removing stm32f7xx_hal_cortex.o(i.HAL_NVIC_GetPriorityGrouping), (16 bytes).
    Removing stm32f7xx_hal_cortex.o(i.HAL_NVIC_SetPendingIRQ), (30 bytes).
    Removing stm32f7xx_hal_cortex.o(i.HAL_NVIC_SystemReset), (36 bytes).
    Removing stm32f7xx_hal_cortex.o(i.HAL_SYSTICK_CLKSourceConfig), (22 bytes).
    Removing stm32f7xx_hal_cortex.o(i.HAL_SYSTICK_Callback), (2 bytes).
    Removing stm32f7xx_hal_cortex.o(i.HAL_SYSTICK_IRQHandler), (8 bytes).
    Removing stm32f7xx_hal_tim.o(.rev16_text), (4 bytes).
    Removing stm32f7xx_hal_tim.o(.revsh_text), (4 bytes).
    Removing stm32f7xx_hal_tim.o(.rrx_text), (6 bytes).
    Removing stm32f7xx_hal_tim_ex.o(.rev16_text), (4 bytes).
    Removing stm32f7xx_hal_tim_ex.o(.revsh_text), (4 bytes).
    Removing stm32f7xx_hal_tim_ex.o(.rrx_text), (6 bytes).
    Removing stm32f7xx_hal_uart.o(.rev16_text), (4 bytes).
    Removing stm32f7xx_hal_uart.o(.revsh_text), (4 bytes).
    Removing stm32f7xx_hal_uart.o(.rrx_text), (6 bytes).
    Removing stm32f7xx_hal_uart.o(i.HAL_HalfDuplex_EnableReceiver), (56 bytes).
    Removing stm32f7xx_hal_uart.o(i.HAL_HalfDuplex_EnableTransmitter), (56 bytes).
    Removing stm32f7xx_hal_uart.o(i.HAL_HalfDuplex_Init), (116 bytes).
    Removing stm32f7xx_hal_uart.o(i.HAL_LIN_Init), (146 bytes).
    Removing stm32f7xx_hal_uart.o(i.HAL_LIN_SendBreak), (46 bytes).
    Removing stm32f7xx_hal_uart.o(i.HAL_MultiProcessor_DisableMuteMode), (40 bytes).
    Removing stm32f7xx_hal_uart.o(i.HAL_MultiProcessor_EnableMuteMode), (40 bytes).
    Removing stm32f7xx_hal_uart.o(i.HAL_MultiProcessor_EnterMuteMode), (12 bytes).
    Removing stm32f7xx_hal_uart.o(i.HAL_MultiProcessor_Init), (138 bytes).
    Removing stm32f7xx_hal_uart.o(i.HAL_UART_Abort), (158 bytes).
    Removing stm32f7xx_hal_uart.o(i.HAL_UART_AbortCpltCallback), (2 bytes).
    Removing stm32f7xx_hal_uart.o(i.HAL_UART_AbortReceive), (106 bytes).
    Removing stm32f7xx_hal_uart.o(i.HAL_UART_AbortReceiveCpltCallback), (2 bytes).
    Removing stm32f7xx_hal_uart.o(i.HAL_UART_AbortReceive_IT), (136 bytes).
    Removing stm32f7xx_hal_uart.o(i.HAL_UART_AbortTransmit), (80 bytes).
    Removing stm32f7xx_hal_uart.o(i.HAL_UART_AbortTransmitCpltCallback), (2 bytes).
    Removing stm32f7xx_hal_uart.o(i.HAL_UART_AbortTransmit_IT), (88 bytes).
    Removing stm32f7xx_hal_uart.o(i.HAL_UART_Abort_IT), (200 bytes).
    Removing stm32f7xx_hal_uart.o(i.HAL_UART_DMAPause), (98 bytes).
    Removing stm32f7xx_hal_uart.o(i.HAL_UART_DMAResume), (86 bytes).
    Removing stm32f7xx_hal_uart.o(i.HAL_UART_DMAStop), (154 bytes).
    Removing stm32f7xx_hal_uart.o(i.HAL_UART_DeInit), (60 bytes).
    Removing stm32f7xx_hal_uart.o(i.HAL_UART_DisableReceiverTimeout), (52 bytes).
    Removing stm32f7xx_hal_uart.o(i.HAL_UART_GetError), (4 bytes).
    Removing stm32f7xx_hal_uart.o(i.HAL_UART_GetState), (8 bytes).
    Removing stm32f7xx_hal_uart.o(i.HAL_UART_MspDeInit), (2 bytes).
    Removing stm32f7xx_hal_uart.o(i.HAL_UART_MspInit), (2 bytes).
    Removing stm32f7xx_hal_uart.o(i.HAL_UART_Receive), (256 bytes).
    Removing stm32f7xx_hal_uart.o(i.HAL_UART_Receive_DMA), (164 bytes).
    Removing stm32f7xx_hal_uart.o(i.HAL_UART_Receive_IT), (184 bytes).
    Removing stm32f7xx_hal_uart.o(i.HAL_UART_RxCpltCallback), (2 bytes).
    Removing stm32f7xx_hal_uart.o(i.HAL_UART_RxHalfCpltCallback), (2 bytes).
    Removing stm32f7xx_hal_uart.o(i.HAL_UART_Transmit), (196 bytes).
    Removing stm32f7xx_hal_uart.o(i.HAL_UART_Transmit_DMA), (152 bytes).
    Removing stm32f7xx_hal_uart.o(i.HAL_UART_Transmit_IT), (100 bytes).
    Removing stm32f7xx_hal_uart.o(i.HAL_UART_TxHalfCpltCallback), (2 bytes).
    Removing stm32f7xx_hal_uart.o(i.UART_DMAError), (104 bytes).
    Removing stm32f7xx_hal_uart.o(i.UART_DMAReceiveCplt), (60 bytes).
    Removing stm32f7xx_hal_uart.o(i.UART_DMARxAbortCallback), (60 bytes).
    Removing stm32f7xx_hal_uart.o(i.UART_DMARxHalfCplt), (10 bytes).
    Removing stm32f7xx_hal_uart.o(i.UART_DMARxOnlyAbortCallback), (36 bytes).
    Removing stm32f7xx_hal_uart.o(i.UART_DMATransmitCplt), (48 bytes).
    Removing stm32f7xx_hal_uart.o(i.UART_DMATxAbortCallback), (50 bytes).
    Removing stm32f7xx_hal_uart.o(i.UART_DMATxHalfCplt), (10 bytes).
    Removing stm32f7xx_hal_uart.o(i.UART_DMATxOnlyAbortCallback), (20 bytes).
    Removing stm32f7xx_hal_uart.o(i.UART_RxISR_16BIT), (92 bytes).
    Removing stm32f7xx_hal_uart.o(i.UART_RxISR_8BIT), (92 bytes).
    Removing stm32f7xx_hal_uart.o(i.UART_TxISR_16BIT), (66 bytes).
    Removing stm32f7xx_hal_uart.o(i.UART_TxISR_8BIT), (62 bytes).
    Removing stm32f7xx_hal_uart_ex.o(.rev16_text), (4 bytes).
    Removing stm32f7xx_hal_uart_ex.o(.revsh_text), (4 bytes).
    Removing stm32f7xx_hal_uart_ex.o(.rrx_text), (6 bytes).
    Removing stm32f7xx_hal_uart_ex.o(i.HAL_MultiProcessorEx_AddressLength_Set), (48 bytes).
    Removing stm32f7xx_hal_uart_ex.o(i.HAL_RS485Ex_Init), (136 bytes).
    Removing stm32f7xx_hal_uart_ex.o(i.HAL_UARTEx_DisableClockStopMode), (38 bytes).
    Removing stm32f7xx_hal_uart_ex.o(i.HAL_UARTEx_DisableStopMode), (38 bytes).
    Removing stm32f7xx_hal_uart_ex.o(i.HAL_UARTEx_EnableClockStopMode), (38 bytes).
    Removing stm32f7xx_hal_uart_ex.o(i.HAL_UARTEx_EnableStopMode), (38 bytes).
    Removing stm32f7xx_hal_uart_ex.o(i.HAL_UARTEx_StopModeWakeUpSourceConfig), (132 bytes).
    Removing stm32f7xx_hal_rcc.o(.rev16_text), (4 bytes).
    Removing stm32f7xx_hal_rcc.o(.revsh_text), (4 bytes).
    Removing stm32f7xx_hal_rcc.o(.rrx_text), (6 bytes).
    Removing stm32f7xx_hal_rcc.o(i.HAL_RCC_DeInit), (384 bytes).
    Removing stm32f7xx_hal_rcc.o(i.HAL_RCC_DisableCSS), (16 bytes).
    Removing stm32f7xx_hal_rcc.o(i.HAL_RCC_GetClockConfig), (64 bytes).
    Removing stm32f7xx_hal_rcc.o(i.HAL_RCC_GetHCLKFreq), (12 bytes).
    Removing stm32f7xx_hal_rcc.o(i.HAL_RCC_GetOscConfig), (240 bytes).
    Removing stm32f7xx_hal_rcc.o(i.HAL_RCC_MCOConfig), (148 bytes).
    Removing stm32f7xx_hal_rcc_ex.o(.rev16_text), (4 bytes).
    Removing stm32f7xx_hal_rcc_ex.o(.revsh_text), (4 bytes).
    Removing stm32f7xx_hal_rcc_ex.o(.rrx_text), (6 bytes).
    Removing stm32f7xx_hal_rcc_ex.o(i.HAL_RCCEx_DisablePLLI2S), (56 bytes).
    Removing stm32f7xx_hal_rcc_ex.o(i.HAL_RCCEx_DisablePLLSAI), (56 bytes).
    Removing stm32f7xx_hal_rcc_ex.o(i.HAL_RCCEx_EnablePLLI2S), (128 bytes).
    Removing stm32f7xx_hal_rcc_ex.o(i.HAL_RCCEx_EnablePLLSAI), (128 bytes).
    Removing stm32f7xx_hal_rcc_ex.o(i.HAL_RCCEx_GetPeriphCLKConfig), (408 bytes).
    Removing stm32f7xx_hal_rcc_ex.o(i.HAL_RCCEx_GetPeriphCLKFreq), (308 bytes).
    Removing stm32f7xx_hal_flash.o(.rev16_text), (4 bytes).
    Removing stm32f7xx_hal_flash.o(.revsh_text), (4 bytes).
    Removing stm32f7xx_hal_flash.o(.rrx_text), (6 bytes).
    Removing stm32f7xx_hal_flash.o(i.FLASH_SetErrorCode), (100 bytes).
    Removing stm32f7xx_hal_flash.o(i.FLASH_WaitForLastOperation), (96 bytes).
    Removing stm32f7xx_hal_flash.o(i.HAL_FLASH_EndOfOperationCallback), (2 bytes).
    Removing stm32f7xx_hal_flash.o(i.HAL_FLASH_GetError), (12 bytes).
    Removing stm32f7xx_hal_flash.o(i.HAL_FLASH_IRQHandler), (240 bytes).
    Removing stm32f7xx_hal_flash.o(i.HAL_FLASH_Lock), (20 bytes).
    Removing stm32f7xx_hal_flash.o(i.HAL_FLASH_OB_Launch), (24 bytes).
    Removing stm32f7xx_hal_flash.o(i.HAL_FLASH_OB_Lock), (20 bytes).
    Removing stm32f7xx_hal_flash.o(i.HAL_FLASH_OB_Unlock), (44 bytes).
    Removing stm32f7xx_hal_flash.o(i.HAL_FLASH_OperationErrorCallback), (2 bytes).
    Removing stm32f7xx_hal_flash.o(i.HAL_FLASH_Program), (220 bytes).
    Removing stm32f7xx_hal_flash.o(i.HAL_FLASH_Program_IT), (268 bytes).
    Removing stm32f7xx_hal_flash.o(i.HAL_FLASH_Unlock), (52 bytes).
    Removing stm32f7xx_hal_flash.o(.bss), (28 bytes).
    Removing stm32f7xx_hal_flash_ex.o(.rev16_text), (4 bytes).
    Removing stm32f7xx_hal_flash_ex.o(.revsh_text), (4 bytes).
    Removing stm32f7xx_hal_flash_ex.o(.rrx_text), (6 bytes).
    Removing stm32f7xx_hal_flash_ex.o(i.FLASH_Erase_Sector), (88 bytes).
    Removing stm32f7xx_hal_flash_ex.o(i.HAL_FLASHEx_Erase), (296 bytes).
    Removing stm32f7xx_hal_flash_ex.o(i.HAL_FLASHEx_Erase_IT), (168 bytes).
    Removing stm32f7xx_hal_flash_ex.o(i.HAL_FLASHEx_OBGetConfig), (84 bytes).
    Removing stm32f7xx_hal_flash_ex.o(i.HAL_FLASHEx_OBProgram), (320 bytes).
    Removing stm32f7xx_hal_gpio.o(.rev16_text), (4 bytes).
    Removing stm32f7xx_hal_gpio.o(.revsh_text), (4 bytes).
    Removing stm32f7xx_hal_gpio.o(.rrx_text), (6 bytes).
    Removing stm32f7xx_hal_gpio.o(i.HAL_GPIO_DeInit), (364 bytes).
    Removing stm32f7xx_hal_gpio.o(i.HAL_GPIO_EXTI_Callback), (2 bytes).
    Removing stm32f7xx_hal_gpio.o(i.HAL_GPIO_LockPin), (36 bytes).
    Removing stm32f7xx_hal_dma.o(.rev16_text), (4 bytes).
    Removing stm32f7xx_hal_dma.o(.revsh_text), (4 bytes).
    Removing stm32f7xx_hal_dma.o(.rrx_text), (6 bytes).
    Removing stm32f7xx_hal_dma.o(i.HAL_DMA_Abort), (166 bytes).
    Removing stm32f7xx_hal_dma.o(i.HAL_DMA_DeInit), (140 bytes).
    Removing stm32f7xx_hal_dma.o(i.HAL_DMA_GetError), (4 bytes).
    Removing stm32f7xx_hal_dma.o(i.HAL_DMA_GetState), (6 bytes).
    Removing stm32f7xx_hal_dma.o(i.HAL_DMA_PollForTransfer), (298 bytes).
    Removing stm32f7xx_hal_dma.o(i.HAL_DMA_RegisterCallback), (86 bytes).
    Removing stm32f7xx_hal_dma.o(i.HAL_DMA_Start_IT), (170 bytes).
    Removing stm32f7xx_hal_dma.o(i.HAL_DMA_UnRegisterCallback), (96 bytes).
    Removing stm32f7xx_hal_dma_ex.o(.rev16_text), (4 bytes).
    Removing stm32f7xx_hal_dma_ex.o(.revsh_text), (4 bytes).
    Removing stm32f7xx_hal_dma_ex.o(.rrx_text), (6 bytes).
    Removing stm32f7xx_hal_dma_ex.o(i.HAL_DMAEx_ChangeMemory), (14 bytes).
    Removing stm32f7xx_hal_dma_ex.o(i.HAL_DMAEx_MultiBufferStart), (124 bytes).
    Removing stm32f7xx_hal_pwr.o(.rev16_text), (4 bytes).
    Removing stm32f7xx_hal_pwr.o(.revsh_text), (4 bytes).
    Removing stm32f7xx_hal_pwr.o(.rrx_text), (6 bytes).
    Removing stm32f7xx_hal_pwr.o(i.HAL_PWR_ConfigPVD), (156 bytes).
    Removing stm32f7xx_hal_pwr.o(i.HAL_PWR_DeInit), (24 bytes).
    Removing stm32f7xx_hal_pwr.o(i.HAL_PWR_DisableBkUpAccess), (16 bytes).
    Removing stm32f7xx_hal_pwr.o(i.HAL_PWR_DisablePVD), (16 bytes).
    Removing stm32f7xx_hal_pwr.o(i.HAL_PWR_DisableSEVOnPend), (16 bytes).
    Removing stm32f7xx_hal_pwr.o(i.HAL_PWR_DisableSleepOnExit), (16 bytes).
    Removing stm32f7xx_hal_pwr.o(i.HAL_PWR_DisableWakeUpPin), (16 bytes).
    Removing stm32f7xx_hal_pwr.o(i.HAL_PWR_EnablePVD), (16 bytes).
    Removing stm32f7xx_hal_pwr.o(i.HAL_PWR_EnableSEVOnPend), (16 bytes).
    Removing stm32f7xx_hal_pwr.o(i.HAL_PWR_EnableSleepOnExit), (16 bytes).
    Removing stm32f7xx_hal_pwr.o(i.HAL_PWR_EnableWakeUpPin), (32 bytes).
    Removing stm32f7xx_hal_pwr.o(i.HAL_PWR_EnterSLEEPMode), (36 bytes).
    Removing stm32f7xx_hal_pwr.o(i.HAL_PWR_EnterSTANDBYMode), (32 bytes).
    Removing stm32f7xx_hal_pwr.o(i.HAL_PWR_EnterSTOPMode), (60 bytes).
    Removing stm32f7xx_hal_pwr.o(i.HAL_PWR_PVDCallback), (2 bytes).
    Removing stm32f7xx_hal_pwr.o(i.HAL_PWR_PVD_IRQHandler), (32 bytes).
    Removing stm32f7xx_hal_pwr_ex.o(.rev16_text), (4 bytes).
    Removing stm32f7xx_hal_pwr_ex.o(.revsh_text), (4 bytes).
    Removing stm32f7xx_hal_pwr_ex.o(.rrx_text), (6 bytes).
    Removing stm32f7xx_hal_pwr_ex.o(i.HAL_PWREx_ControlVoltageScaling), (200 bytes).
    Removing stm32f7xx_hal_pwr_ex.o(i.HAL_PWREx_DisableBkUpReg), (68 bytes).
    Removing stm32f7xx_hal_pwr_ex.o(i.HAL_PWREx_DisableFlashPowerDown), (16 bytes).
    Removing stm32f7xx_hal_pwr_ex.o(i.HAL_PWREx_DisableLowRegulatorLowVoltage), (16 bytes).
    Removing stm32f7xx_hal_pwr_ex.o(i.HAL_PWREx_DisableMainRegulatorLowVoltage), (16 bytes).
    Removing stm32f7xx_hal_pwr_ex.o(i.HAL_PWREx_DisableOverDrive), (124 bytes).
    Removing stm32f7xx_hal_pwr_ex.o(i.HAL_PWREx_EnableBkUpReg), (68 bytes).
    Removing stm32f7xx_hal_pwr_ex.o(i.HAL_PWREx_EnableFlashPowerDown), (16 bytes).
    Removing stm32f7xx_hal_pwr_ex.o(i.HAL_PWREx_EnableLowRegulatorLowVoltage), (16 bytes).
    Removing stm32f7xx_hal_pwr_ex.o(i.HAL_PWREx_EnableMainRegulatorLowVoltage), (16 bytes).
    Removing stm32f7xx_hal_pwr_ex.o(i.HAL_PWREx_EnterUnderDriveSTOPMode), (148 bytes).
    Removing stm32f7xx_hal_pwr_ex.o(i.HAL_PWREx_GetVoltageRange), (16 bytes).
    Removing stm32f7xx_hal.o(.rev16_text), (4 bytes).
    Removing stm32f7xx_hal.o(.revsh_text), (4 bytes).
    Removing stm32f7xx_hal.o(.rrx_text), (6 bytes).
    Removing stm32f7xx_hal.o(i.HAL_DBGMCU_DisableDBGSleepMode), (16 bytes).
    Removing stm32f7xx_hal.o(i.HAL_DBGMCU_DisableDBGStandbyMode), (16 bytes).
    Removing stm32f7xx_hal.o(i.HAL_DBGMCU_DisableDBGStopMode), (16 bytes).
    Removing stm32f7xx_hal.o(i.HAL_DBGMCU_EnableDBGSleepMode), (16 bytes).
    Removing stm32f7xx_hal.o(i.HAL_DBGMCU_EnableDBGStandbyMode), (16 bytes).
    Removing stm32f7xx_hal.o(i.HAL_DBGMCU_EnableDBGStopMode), (16 bytes).
    Removing stm32f7xx_hal.o(i.HAL_DeInit), (56 bytes).
    Removing stm32f7xx_hal.o(i.HAL_DisableCompensationCell), (16 bytes).
    Removing stm32f7xx_hal.o(i.HAL_DisableFMCMemorySwapping), (16 bytes).
    Removing stm32f7xx_hal.o(i.HAL_DisableMemorySwappingBank), (16 bytes).
    Removing stm32f7xx_hal.o(i.HAL_EnableCompensationCell), (16 bytes).
    Removing stm32f7xx_hal.o(i.HAL_EnableFMCMemorySwapping), (16 bytes).
    Removing stm32f7xx_hal.o(i.HAL_EnableMemorySwappingBank), (16 bytes).
    Removing stm32f7xx_hal.o(i.HAL_GetDEVID), (16 bytes).
    Removing stm32f7xx_hal.o(i.HAL_GetHalVersion), (8 bytes).
    Removing stm32f7xx_hal.o(i.HAL_GetREVID), (12 bytes).
    Removing stm32f7xx_hal.o(i.HAL_GetTickFreq), (12 bytes).
    Removing stm32f7xx_hal.o(i.HAL_GetTickPrio), (12 bytes).
    Removing stm32f7xx_hal.o(i.HAL_GetUIDw0), (12 bytes).
    Removing stm32f7xx_hal.o(i.HAL_GetUIDw1), (12 bytes).
    Removing stm32f7xx_hal.o(i.HAL_GetUIDw2), (12 bytes).
    Removing stm32f7xx_hal.o(i.HAL_MspDeInit), (2 bytes).
    Removing stm32f7xx_hal.o(i.HAL_MspInit), (2 bytes).
    Removing stm32f7xx_hal.o(i.HAL_ResumeTick), (14 bytes).
    Removing stm32f7xx_hal.o(i.HAL_SetTickFreq), (36 bytes).
    Removing stm32f7xx_hal.o(i.HAL_SuspendTick), (14 bytes).
    Removing stm32f7xx_hal_i2c.o(.rev16_text), (4 bytes).
    Removing stm32f7xx_hal_i2c.o(.revsh_text), (4 bytes).
    Removing stm32f7xx_hal_i2c.o(.rrx_text), (6 bytes).
    Removing stm32f7xx_hal_i2c.o(i.HAL_I2C_AbortCpltCallback), (2 bytes).
    Removing stm32f7xx_hal_i2c.o(i.HAL_I2C_AddrCallback), (2 bytes).
    Removing stm32f7xx_hal_i2c.o(i.HAL_I2C_DeInit), (54 bytes).
    Removing stm32f7xx_hal_i2c.o(i.HAL_I2C_DisableListen_IT), (54 bytes).
    Removing stm32f7xx_hal_i2c.o(i.HAL_I2C_ER_IRQHandler), (112 bytes).
    Removing stm32f7xx_hal_i2c.o(i.HAL_I2C_EV_IRQHandler), (16 bytes).
    Removing stm32f7xx_hal_i2c.o(i.HAL_I2C_EnableListen_IT), (40 bytes).
    Removing stm32f7xx_hal_i2c.o(i.HAL_I2C_ErrorCallback), (2 bytes).
    Removing stm32f7xx_hal_i2c.o(i.HAL_I2C_GetError), (4 bytes).
    Removing stm32f7xx_hal_i2c.o(i.HAL_I2C_GetMode), (6 bytes).
    Removing stm32f7xx_hal_i2c.o(i.HAL_I2C_GetState), (6 bytes).
    Removing stm32f7xx_hal_i2c.o(i.HAL_I2C_Init), (176 bytes).
    Removing stm32f7xx_hal_i2c.o(i.HAL_I2C_IsDeviceReady), (336 bytes).
    Removing stm32f7xx_hal_i2c.o(i.HAL_I2C_ListenCpltCallback), (2 bytes).
    Removing stm32f7xx_hal_i2c.o(i.HAL_I2C_MasterRxCpltCallback), (2 bytes).
    Removing stm32f7xx_hal_i2c.o(i.HAL_I2C_MasterTxCpltCallback), (2 bytes).
    Removing stm32f7xx_hal_i2c.o(i.HAL_I2C_Master_Abort_IT), (96 bytes).
    Removing stm32f7xx_hal_i2c.o(i.HAL_I2C_Master_Receive), (456 bytes).
    Removing stm32f7xx_hal_i2c.o(i.HAL_I2C_Master_Receive_DMA), (312 bytes).
    Removing stm32f7xx_hal_i2c.o(i.HAL_I2C_Master_Receive_IT), (132 bytes).
    Removing stm32f7xx_hal_i2c.o(i.HAL_I2C_Master_Seq_Receive_DMA), (360 bytes).
    Removing stm32f7xx_hal_i2c.o(i.HAL_I2C_Master_Seq_Receive_IT), (172 bytes).
    Removing stm32f7xx_hal_i2c.o(i.HAL_I2C_Master_Seq_Transmit_DMA), (356 bytes).
    Removing stm32f7xx_hal_i2c.o(i.HAL_I2C_Master_Seq_Transmit_IT), (172 bytes).
    Removing stm32f7xx_hal_i2c.o(i.HAL_I2C_Master_Transmit), (332 bytes).
    Removing stm32f7xx_hal_i2c.o(i.HAL_I2C_Master_Transmit_DMA), (316 bytes).
    Removing stm32f7xx_hal_i2c.o(i.HAL_I2C_Master_Transmit_IT), (132 bytes).
    Removing stm32f7xx_hal_i2c.o(i.HAL_I2C_MemRxCpltCallback), (2 bytes).
    Removing stm32f7xx_hal_i2c.o(i.HAL_I2C_MemTxCpltCallback), (2 bytes).
    Removing stm32f7xx_hal_i2c.o(i.HAL_I2C_Mem_Read), (396 bytes).
    Removing stm32f7xx_hal_i2c.o(i.HAL_I2C_Mem_Read_DMA), (340 bytes).
    Removing stm32f7xx_hal_i2c.o(i.HAL_I2C_Mem_Read_IT), (212 bytes).
    Removing stm32f7xx_hal_i2c.o(i.HAL_I2C_Mem_Write), (384 bytes).
    Removing stm32f7xx_hal_i2c.o(i.HAL_I2C_Mem_Write_DMA), (332 bytes).
    Removing stm32f7xx_hal_i2c.o(i.HAL_I2C_Mem_Write_IT), (208 bytes).
    Removing stm32f7xx_hal_i2c.o(i.HAL_I2C_MspDeInit), (2 bytes).
    Removing stm32f7xx_hal_i2c.o(i.HAL_I2C_MspInit), (2 bytes).
    Removing stm32f7xx_hal_i2c.o(i.HAL_I2C_SlaveRxCpltCallback), (2 bytes).
    Removing stm32f7xx_hal_i2c.o(i.HAL_I2C_SlaveTxCpltCallback), (2 bytes).
    Removing stm32f7xx_hal_i2c.o(i.HAL_I2C_Slave_Receive), (424 bytes).
    Removing stm32f7xx_hal_i2c.o(i.HAL_I2C_Slave_Receive_DMA), (220 bytes).
    Removing stm32f7xx_hal_i2c.o(i.HAL_I2C_Slave_Receive_IT), (96 bytes).
    Removing stm32f7xx_hal_i2c.o(i.HAL_I2C_Slave_Seq_Receive_DMA), (400 bytes).
    Removing stm32f7xx_hal_i2c.o(i.HAL_I2C_Slave_Seq_Receive_IT), (216 bytes).
    Removing stm32f7xx_hal_i2c.o(i.HAL_I2C_Slave_Seq_Transmit_DMA), (400 bytes).
    Removing stm32f7xx_hal_i2c.o(i.HAL_I2C_Slave_Seq_Transmit_IT), (216 bytes).
    Removing stm32f7xx_hal_i2c.o(i.HAL_I2C_Slave_Transmit), (330 bytes).
    Removing stm32f7xx_hal_i2c.o(i.HAL_I2C_Slave_Transmit_DMA), (216 bytes).
    Removing stm32f7xx_hal_i2c.o(i.HAL_I2C_Slave_Transmit_IT), (96 bytes).
    Removing stm32f7xx_hal_i2c.o(i.I2C_DMAAbort), (40 bytes).
    Removing stm32f7xx_hal_i2c.o(i.I2C_DMAError), (72 bytes).
    Removing stm32f7xx_hal_i2c.o(i.I2C_DMAMasterReceiveCplt), (78 bytes).
    Removing stm32f7xx_hal_i2c.o(i.I2C_DMAMasterTransmitCplt), (78 bytes).
    Removing stm32f7xx_hal_i2c.o(i.I2C_DMASlaveReceiveCplt), (38 bytes).
    Removing stm32f7xx_hal_i2c.o(i.I2C_DMASlaveTransmitCplt), (28 bytes).
    Removing stm32f7xx_hal_i2c.o(i.I2C_Disable_IRQ), (96 bytes).
    Removing stm32f7xx_hal_i2c.o(i.I2C_Enable_IRQ), (120 bytes).
    Removing stm32f7xx_hal_i2c.o(i.I2C_Flush_TXDR), (36 bytes).
    Removing stm32f7xx_hal_i2c.o(i.I2C_ITAddrCplt), (174 bytes).
    Removing stm32f7xx_hal_i2c.o(i.I2C_ITError), (240 bytes).
    Removing stm32f7xx_hal_i2c.o(i.I2C_ITListenCplt), (96 bytes).
    Removing stm32f7xx_hal_i2c.o(i.I2C_ITMasterCplt), (184 bytes).
    Removing stm32f7xx_hal_i2c.o(i.I2C_ITMasterSeqCplt), (76 bytes).
    Removing stm32f7xx_hal_i2c.o(i.I2C_ITSlaveCplt), (256 bytes).
    Removing stm32f7xx_hal_i2c.o(i.I2C_ITSlaveSeqCplt), (86 bytes).
    Removing stm32f7xx_hal_i2c.o(i.I2C_IsAcknowledgeFailed), (156 bytes).
    Removing stm32f7xx_hal_i2c.o(i.I2C_Master_ISR_DMA), (276 bytes).
    Removing stm32f7xx_hal_i2c.o(i.I2C_Master_ISR_IT), (344 bytes).
    Removing stm32f7xx_hal_i2c.o(i.I2C_RequestMemoryRead), (104 bytes).
    Removing stm32f7xx_hal_i2c.o(i.I2C_RequestMemoryWrite), (104 bytes).
    Removing stm32f7xx_hal_i2c.o(i.I2C_Slave_ISR_DMA), (248 bytes).
    Removing stm32f7xx_hal_i2c.o(i.I2C_Slave_ISR_IT), (310 bytes).
    Removing stm32f7xx_hal_i2c.o(i.I2C_TransferConfig), (52 bytes).
    Removing stm32f7xx_hal_i2c.o(i.I2C_WaitOnFlagUntilTimeout), (104 bytes).
    Removing stm32f7xx_hal_i2c.o(i.I2C_WaitOnSTOPFlagUntilTimeout), (88 bytes).
    Removing stm32f7xx_hal_i2c.o(i.I2C_WaitOnTXISFlagUntilTimeout), (94 bytes).
    Removing stm32f7xx_hal_i2c_ex.o(.rev16_text), (4 bytes).
    Removing stm32f7xx_hal_i2c_ex.o(.revsh_text), (4 bytes).
    Removing stm32f7xx_hal_i2c_ex.o(.rrx_text), (6 bytes).
    Removing stm32f7xx_hal_i2c_ex.o(i.HAL_I2CEx_ConfigAnalogFilter), (86 bytes).
    Removing stm32f7xx_hal_i2c_ex.o(i.HAL_I2CEx_ConfigDigitalFilter), (82 bytes).
    Removing stm32f7xx_hal_i2c_ex.o(i.HAL_I2CEx_DisableFastModePlus), (44 bytes).
    Removing stm32f7xx_hal_i2c_ex.o(i.HAL_I2CEx_EnableFastModePlus), (40 bytes).
    Removing stm32f7xx_hal_exti.o(.rev16_text), (4 bytes).
    Removing stm32f7xx_hal_exti.o(.revsh_text), (4 bytes).
    Removing stm32f7xx_hal_exti.o(.rrx_text), (6 bytes).
    Removing stm32f7xx_hal_exti.o(i.HAL_EXTI_ClearConfigLine), (136 bytes).
    Removing stm32f7xx_hal_exti.o(i.HAL_EXTI_ClearPending), (24 bytes).
    Removing stm32f7xx_hal_exti.o(i.HAL_EXTI_GenerateSWI), (24 bytes).
    Removing stm32f7xx_hal_exti.o(i.HAL_EXTI_GetConfigLine), (180 bytes).
    Removing stm32f7xx_hal_exti.o(i.HAL_EXTI_GetHandle), (12 bytes).
    Removing stm32f7xx_hal_exti.o(i.HAL_EXTI_GetPending), (28 bytes).
    Removing stm32f7xx_hal_exti.o(i.HAL_EXTI_IRQHandler), (40 bytes).
    Removing stm32f7xx_hal_exti.o(i.HAL_EXTI_RegisterCallback), (14 bytes).
    Removing stm32f7xx_hal_exti.o(i.HAL_EXTI_SetConfigLine), (204 bytes).
    Removing system_stm32f7xx.o(.rev16_text), (4 bytes).
    Removing system_stm32f7xx.o(.revsh_text), (4 bytes).
    Removing system_stm32f7xx.o(.rrx_text), (6 bytes).
    Removing system_stm32f7xx.o(i.SystemCoreClockUpdate), (136 bytes).

382 unused section(s) (total 27277 bytes) removed from the image.

==============================================================================

Image Symbol Table

    Local Symbols

    Symbol Name                              Value     Ov Type        Size  Object(Section)

    ../Drivers/STM32F7xx_HAL_Driver/Src/stm32f7xx_hal.c 0x00000000   Number         0  stm32f7xx_hal.o ABSOLUTE
    ../Drivers/STM32F7xx_HAL_Driver/Src/stm32f7xx_hal_cortex.c 0x00000000   Number         0  stm32f7xx_hal_cortex.o ABSOLUTE
    ../Drivers/STM32F7xx_HAL_Driver/Src/stm32f7xx_hal_dma.c 0x00000000   Number         0  stm32f7xx_hal_dma.o ABSOLUTE
    ../Drivers/STM32F7xx_HAL_Driver/Src/stm32f7xx_hal_dma_ex.c 0x00000000   Number         0  stm32f7xx_hal_dma_ex.o ABSOLUTE
    ../Drivers/STM32F7xx_HAL_Driver/Src/stm32f7xx_hal_exti.c 0x00000000   Number         0  stm32f7xx_hal_exti.o ABSOLUTE
    ../Drivers/STM32F7xx_HAL_Driver/Src/stm32f7xx_hal_flash.c 0x00000000   Number         0  stm32f7xx_hal_flash.o ABSOLUTE
    ../Drivers/STM32F7xx_HAL_Driver/Src/stm32f7xx_hal_flash_ex.c 0x00000000   Number         0  stm32f7xx_hal_flash_ex.o ABSOLUTE
    ../Drivers/STM32F7xx_HAL_Driver/Src/stm32f7xx_hal_gpio.c 0x00000000   Number         0  stm32f7xx_hal_gpio.o ABSOLUTE
    ../Drivers/STM32F7xx_HAL_Driver/Src/stm32f7xx_hal_i2c.c 0x00000000   Number         0  stm32f7xx_hal_i2c.o ABSOLUTE
    ../Drivers/STM32F7xx_HAL_Driver/Src/stm32f7xx_hal_i2c_ex.c 0x00000000   Number         0  stm32f7xx_hal_i2c_ex.o ABSOLUTE
    ../Drivers/STM32F7xx_HAL_Driver/Src/stm32f7xx_hal_pwr.c 0x00000000   Number         0  stm32f7xx_hal_pwr.o ABSOLUTE
    ../Drivers/STM32F7xx_HAL_Driver/Src/stm32f7xx_hal_pwr_ex.c 0x00000000   Number         0  stm32f7xx_hal_pwr_ex.o ABSOLUTE
    ../Drivers/STM32F7xx_HAL_Driver/Src/stm32f7xx_hal_rcc.c 0x00000000   Number         0  stm32f7xx_hal_rcc.o ABSOLUTE
    ../Drivers/STM32F7xx_HAL_Driver/Src/stm32f7xx_hal_rcc_ex.c 0x00000000   Number         0  stm32f7xx_hal_rcc_ex.o ABSOLUTE
    ../Drivers/STM32F7xx_HAL_Driver/Src/stm32f7xx_hal_tim.c 0x00000000   Number         0  stm32f7xx_hal_tim.o ABSOLUTE
    ../Drivers/STM32F7xx_HAL_Driver/Src/stm32f7xx_hal_tim_ex.c 0x00000000   Number         0  stm32f7xx_hal_tim_ex.o ABSOLUTE
    ../Drivers/STM32F7xx_HAL_Driver/Src/stm32f7xx_hal_uart.c 0x00000000   Number         0  stm32f7xx_hal_uart.o ABSOLUTE
    ../Drivers/STM32F7xx_HAL_Driver/Src/stm32f7xx_hal_uart_ex.c 0x00000000   Number         0  stm32f7xx_hal_uart_ex.o ABSOLUTE
    ../Src/main.c                            0x00000000   Number         0  main.o ABSOLUTE
    ../Src/stm32f7xx_hal_msp.c               0x00000000   Number         0  stm32f7xx_hal_msp.o ABSOLUTE
    ../Src/stm32f7xx_it.c                    0x00000000   Number         0  stm32f7xx_it.o ABSOLUTE
    ../Src/system_stm32f7xx.c                0x00000000   Number         0  system_stm32f7xx.o ABSOLUTE
    ../clib/microlib/division.c              0x00000000   Number         0  uldiv.o ABSOLUTE
    ../clib/microlib/init/entry.s            0x00000000   Number         0  entry11b.o ABSOLUTE
    ../clib/microlib/init/entry.s            0x00000000   Number         0  entry.o ABSOLUTE
    ../clib/microlib/init/entry.s            0x00000000   Number         0  entry2.o ABSOLUTE
    ../clib/microlib/init/entry.s            0x00000000   Number         0  entry5.o ABSOLUTE
    ../clib/microlib/init/entry.s            0x00000000   Number         0  entry7b.o ABSOLUTE
    ../clib/microlib/init/entry.s            0x00000000   Number         0  entry8a.o ABSOLUTE
    ../clib/microlib/init/entry.s            0x00000000   Number         0  entry7a.o ABSOLUTE
    ../clib/microlib/init/entry.s            0x00000000   Number         0  entry8b.o ABSOLUTE
    ../clib/microlib/init/entry.s            0x00000000   Number         0  entry9a.o ABSOLUTE
    ../clib/microlib/init/entry.s            0x00000000   Number         0  entry9b.o ABSOLUTE
    ../clib/microlib/init/entry.s            0x00000000   Number         0  entry10a.o ABSOLUTE
    ../clib/microlib/init/entry.s            0x00000000   Number         0  entry10b.o ABSOLUTE
    ../clib/microlib/init/entry.s            0x00000000   Number         0  entry11a.o ABSOLUTE
    ../clib/microlib/longlong.c              0x00000000   Number         0  llshl.o ABSOLUTE
    ../clib/microlib/longlong.c              0x00000000   Number         0  llushr.o ABSOLUTE
    ../clib/microlib/malloc/malloc.c         0x00000000   Number         0  malloc.o ABSOLUTE
    ../clib/microlib/malloc/malloc.c         0x00000000   Number         0  mallocr.o ABSOLUTE
    ../clib/microlib/malloc/malloc.c         0x00000000   Number         0  malloca.o ABSOLUTE
    ../clib/microlib/malloc/malloc.c         0x00000000   Number         0  mallocra.o ABSOLUTE
    ../clib/microlib/malloc/mvars.c          0x00000000   Number         0  mvars.o ABSOLUTE
    ../clib/microlib/string/memcpy.c         0x00000000   Number         0  memcpya.o ABSOLUTE
    ../clib/microlib/string/memcpy.c         0x00000000   Number         0  memcpyb.o ABSOLUTE
    ../clib/microlib/string/memset.c         0x00000000   Number         0  memseta.o ABSOLUTE
    ..\Drivers\STM32F7xx_HAL_Driver\Src\stm32f7xx_hal.c 0x00000000   Number         0  stm32f7xx_hal.o ABSOLUTE
    ..\Drivers\STM32F7xx_HAL_Driver\Src\stm32f7xx_hal_cortex.c 0x00000000   Number         0  stm32f7xx_hal_cortex.o ABSOLUTE
    ..\Drivers\STM32F7xx_HAL_Driver\Src\stm32f7xx_hal_dma.c 0x00000000   Number         0  stm32f7xx_hal_dma.o ABSOLUTE
    ..\Drivers\STM32F7xx_HAL_Driver\Src\stm32f7xx_hal_dma_ex.c 0x00000000   Number         0  stm32f7xx_hal_dma_ex.o ABSOLUTE
    ..\Drivers\STM32F7xx_HAL_Driver\Src\stm32f7xx_hal_exti.c 0x00000000   Number         0  stm32f7xx_hal_exti.o ABSOLUTE
    ..\Drivers\STM32F7xx_HAL_Driver\Src\stm32f7xx_hal_flash.c 0x00000000   Number         0  stm32f7xx_hal_flash.o ABSOLUTE
    ..\Drivers\STM32F7xx_HAL_Driver\Src\stm32f7xx_hal_flash_ex.c 0x00000000   Number         0  stm32f7xx_hal_flash_ex.o ABSOLUTE
    ..\Drivers\STM32F7xx_HAL_Driver\Src\stm32f7xx_hal_gpio.c 0x00000000   Number         0  stm32f7xx_hal_gpio.o ABSOLUTE
    ..\Drivers\STM32F7xx_HAL_Driver\Src\stm32f7xx_hal_i2c.c 0x00000000   Number         0  stm32f7xx_hal_i2c.o ABSOLUTE
    ..\Drivers\STM32F7xx_HAL_Driver\Src\stm32f7xx_hal_i2c_ex.c 0x00000000   Number         0  stm32f7xx_hal_i2c_ex.o ABSOLUTE
    ..\Drivers\STM32F7xx_HAL_Driver\Src\stm32f7xx_hal_pwr.c 0x00000000   Number         0  stm32f7xx_hal_pwr.o ABSOLUTE
    ..\Drivers\STM32F7xx_HAL_Driver\Src\stm32f7xx_hal_pwr_ex.c 0x00000000   Number         0  stm32f7xx_hal_pwr_ex.o ABSOLUTE
    ..\Drivers\STM32F7xx_HAL_Driver\Src\stm32f7xx_hal_rcc.c 0x00000000   Number         0  stm32f7xx_hal_rcc.o ABSOLUTE
    ..\Drivers\STM32F7xx_HAL_Driver\Src\stm32f7xx_hal_rcc_ex.c 0x00000000   Number         0  stm32f7xx_hal_rcc_ex.o ABSOLUTE
    ..\Drivers\STM32F7xx_HAL_Driver\Src\stm32f7xx_hal_tim.c 0x00000000   Number         0  stm32f7xx_hal_tim.o ABSOLUTE
    ..\Drivers\STM32F7xx_HAL_Driver\Src\stm32f7xx_hal_tim_ex.c 0x00000000   Number         0  stm32f7xx_hal_tim_ex.o ABSOLUTE
    ..\Drivers\STM32F7xx_HAL_Driver\Src\stm32f7xx_hal_uart.c 0x00000000   Number         0  stm32f7xx_hal_uart.o ABSOLUTE
    ..\Drivers\STM32F7xx_HAL_Driver\Src\stm32f7xx_hal_uart_ex.c 0x00000000   Number         0  stm32f7xx_hal_uart_ex.o ABSOLUTE
    ..\Src\main.c                            0x00000000   Number         0  main.o ABSOLUTE
    ..\Src\stm32f7xx_hal_msp.c               0x00000000   Number         0  stm32f7xx_hal_msp.o ABSOLUTE
    ..\Src\stm32f7xx_it.c                    0x00000000   Number         0  stm32f7xx_it.o ABSOLUTE
    ..\Src\system_stm32f7xx.c                0x00000000   Number         0  system_stm32f7xx.o ABSOLUTE
    Drive\IMU\MTi_630.c                      0x00000000   Number         0  mti_630.o ABSOLUTE
    Drive\USB2UART\usb2uart.c                0x00000000   Number         0  usb2uart.o ABSOLUTE
    Drive\\IMU\\MTi_630.c                    0x00000000   Number         0  mti_630.o ABSOLUTE
    Drive\\USB2UART\\usb2uart.c              0x00000000   Number         0  usb2uart.o ABSOLUTE
    Drive\\command\\commandProcess.c         0x00000000   Number         0  commandprocess.o ABSOLUTE
    Drive\\config\\config.c                  0x00000000   Number         0  config.o ABSOLUTE
    Drive\\debug_uart5\\debug_uart5.c        0x00000000   Number         0  debug_uart5.o ABSOLUTE
    Drive\\frame\\dataFrame.c                0x00000000   Number         0  dataframe.o ABSOLUTE
    Drive\\key\\key.c                        0x00000000   Number         0  key.o ABSOLUTE
    Drive\\led\\led.c                        0x00000000   Number         0  led.o ABSOLUTE
    Drive\\motor\\DynamixelMotor.c           0x00000000   Number         0  dynamixelmotor.o ABSOLUTE
    Drive\\sys\\clock_init.c                 0x00000000   Number         0  clock_init.o ABSOLUTE
    Drive\command\commandProcess.c           0x00000000   Number         0  commandprocess.o ABSOLUTE
    Drive\config\config.c                    0x00000000   Number         0  config.o ABSOLUTE
    Drive\debug_uart5\debug_uart5.c          0x00000000   Number         0  debug_uart5.o ABSOLUTE
    Drive\frame\dataFrame.c                  0x00000000   Number         0  dataframe.o ABSOLUTE
    Drive\key\key.c                          0x00000000   Number         0  key.o ABSOLUTE
    Drive\led\led.c                          0x00000000   Number         0  led.o ABSOLUTE
    Drive\motor\DynamixelMotor.c             0x00000000   Number         0  dynamixelmotor.o ABSOLUTE
    Drive\sys\clock_init.c                   0x00000000   Number         0  clock_init.o ABSOLUTE
    dc.s                                     0x00000000   Number         0  dc.o ABSOLUTE
    handlers.s                               0x00000000   Number         0  handlers.o ABSOLUTE
    init.s                                   0x00000000   Number         0  init.o ABSOLUTE
    startup_stm32f767xx.s                    0x00000000   Number         0  startup_stm32f767xx.o ABSOLUTE
    RESET                                    0x08000000   Section      504  startup_stm32f767xx.o(RESET)
    .ARM.Collect$$$$00000000                 0x080001f8   Section        0  entry.o(.ARM.Collect$$$$00000000)
    .ARM.Collect$$$$00000001                 0x080001f8   Section        4  entry2.o(.ARM.Collect$$$$00000001)
    .ARM.Collect$$$$00000004                 0x080001fc   Section        4  entry5.o(.ARM.Collect$$$$00000004)
    .ARM.Collect$$$$00000008                 0x08000200   Section        0  entry7b.o(.ARM.Collect$$$$00000008)
    .ARM.Collect$$$$0000000A                 0x08000200   Section        0  entry8b.o(.ARM.Collect$$$$0000000A)
    .ARM.Collect$$$$0000000B                 0x08000200   Section        8  entry9a.o(.ARM.Collect$$$$0000000B)
    .ARM.Collect$$$$0000000D                 0x08000208   Section        0  entry10a.o(.ARM.Collect$$$$0000000D)
    .ARM.Collect$$$$0000000F                 0x08000208   Section        0  entry11a.o(.ARM.Collect$$$$0000000F)
    .ARM.Collect$$$$00002712                 0x08000208   Section        4  entry2.o(.ARM.Collect$$$$00002712)
    __lit__00000000                          0x08000208   Data           4  entry2.o(.ARM.Collect$$$$00002712)
    .text                                    0x0800020c   Section       36  startup_stm32f767xx.o(.text)
    $v0                                      0x0800020c   Number         0  startup_stm32f767xx.o(.text)
    .text                                    0x08000230   Section        0  uldiv.o(.text)
    .text                                    0x08000292   Section        0  memcpya.o(.text)
    .text                                    0x080002b6   Section        0  memseta.o(.text)
    .text                                    0x080002da   Section        0  llshl.o(.text)
    .text                                    0x080002f8   Section        0  llushr.o(.text)
    .text                                    0x08000318   Section       36  init.o(.text)
    i.BusFault_Handler                       0x0800033c   Section        0  stm32f7xx_it.o(i.BusFault_Handler)
    i.CacheEnalble                           0x08000340   Section        0  config.o(i.CacheEnalble)
    i.Cmd_Distribute                         0x080003d0   Section        0  commandprocess.o(i.Cmd_Distribute)
    i.Config_Send                            0x08000454   Section        0  commandprocess.o(i.Config_Send)
    i.DMA1_Stream5_IRQHandler                0x080005f8   Section        0  stm32f7xx_it.o(i.DMA1_Stream5_IRQHandler)
    i.DMA1_Stream6_IRQHandler                0x080006a8   Section        0  stm32f7xx_it.o(i.DMA1_Stream6_IRQHandler)
    i.DXLMotor_Init                          0x080006b4   Section        0  dynamixelmotor.o(i.DXLMotor_Init)
    i.DXL_SendData                           0x080007f8   Section        0  dynamixelmotor.o(i.DXL_SendData)
    i.Data_Receive                           0x0800089c   Section        0  commandprocess.o(i.Data_Receive)
    i.Data_Send                              0x080008c4   Section        0  dataframe.o(i.Data_Send)
    i.DebugMon_Handler                       0x080008e4   Section        0  stm32f7xx_it.o(i.DebugMon_Handler)
    i.Device_Choose                          0x080008e6   Section        0  commandprocess.o(i.Device_Choose)
    i.EXTI15_10_IRQHandler                   0x08000932   Section        0  stm32f7xx_it.o(i.EXTI15_10_IRQHandler)
    i.Error_Handler                          0x08000948   Section        0  config.o(i.Error_Handler)
    i.HAL_DMAEx_MultiBufferStart_IT          0x0800094c   Section        0  stm32f7xx_hal_dma_ex.o(i.HAL_DMAEx_MultiBufferStart_IT)
    i.HAL_DMA_Abort_IT                       0x08001124   Section        0  stm32f7xx_hal_dma.o(i.HAL_DMA_Abort_IT)
    i.HAL_DMA_IRQHandler                     0x08001148   Section        0  stm32f7xx_hal_dma.o(i.HAL_DMA_IRQHandler)
    i.HAL_DMA_Init                           0x08001320   Section        0  stm32f7xx_hal_dma.o(i.HAL_DMA_Init)
    i.HAL_DMA_Start                          0x0800146c   Section        0  stm32f7xx_hal_dma.o(i.HAL_DMA_Start)
    i.HAL_Delay                              0x080014e8   Section        0  stm32f7xx_hal.o(i.HAL_Delay)
    i.HAL_GPIO_EXTI_Callback                 0x08001510   Section        0  key.o(i.HAL_GPIO_EXTI_Callback)
    i.HAL_GPIO_EXTI_IRQHandler               0x0800156c   Section        0  stm32f7xx_hal_gpio.o(i.HAL_GPIO_EXTI_IRQHandler)
    i.HAL_GPIO_Init                          0x08001584   Section        0  stm32f7xx_hal_gpio.o(i.HAL_GPIO_Init)
    i.HAL_GPIO_ReadPin                       0x080017c4   Section        0  stm32f7xx_hal_gpio.o(i.HAL_GPIO_ReadPin)
    i.HAL_GPIO_TogglePin                     0x080017ce   Section        0  stm32f7xx_hal_gpio.o(i.HAL_GPIO_TogglePin)
    i.HAL_GPIO_WritePin                      0x080017da   Section        0  stm32f7xx_hal_gpio.o(i.HAL_GPIO_WritePin)
    i.HAL_GetTick                            0x080017e4   Section        0  stm32f7xx_hal.o(i.HAL_GetTick)
    i.HAL_IncTick                            0x080017f0   Section        0  stm32f7xx_hal.o(i.HAL_IncTick)
    i.HAL_Init                               0x08001800   Section        0  stm32f7xx_hal.o(i.HAL_Init)
    i.HAL_InitTick                           0x08001818   Section        0  stm32f7xx_hal.o(i.HAL_InitTick)
    i.HAL_MspInit                            0x08001858   Section        0  stm32f7xx_hal_msp.o(i.HAL_MspInit)
    i.HAL_NVIC_EnableIRQ                     0x0800188c   Section        0  stm32f7xx_hal_cortex.o(i.HAL_NVIC_EnableIRQ)
    i.HAL_NVIC_SetPriority                   0x080018ac   Section        0  stm32f7xx_hal_cortex.o(i.HAL_NVIC_SetPriority)
    i.HAL_NVIC_SetPriorityGrouping           0x08001910   Section        0  stm32f7xx_hal_cortex.o(i.HAL_NVIC_SetPriorityGrouping)
    i.HAL_PWREx_EnableOverDrive              0x08001934   Section        0  stm32f7xx_hal_pwr_ex.o(i.HAL_PWREx_EnableOverDrive)
    i.HAL_PWR_EnableBkUpAccess               0x080019b0   Section        0  stm32f7xx_hal_pwr.o(i.HAL_PWR_EnableBkUpAccess)
    i.HAL_RCCEx_PeriphCLKConfig              0x080019c0   Section        0  stm32f7xx_hal_rcc_ex.o(i.HAL_RCCEx_PeriphCLKConfig)
    i.HAL_RCC_CSSCallback                    0x08001f8c   Section        0  stm32f7xx_hal_rcc.o(i.HAL_RCC_CSSCallback)
    i.HAL_RCC_ClockConfig                    0x08001f90   Section        0  stm32f7xx_hal_rcc.o(i.HAL_RCC_ClockConfig)
    i.HAL_RCC_EnableCSS                      0x08002100   Section        0  stm32f7xx_hal_rcc.o(i.HAL_RCC_EnableCSS)
    i.HAL_RCC_GetPCLK1Freq                   0x08002110   Section        0  stm32f7xx_hal_rcc.o(i.HAL_RCC_GetPCLK1Freq)
    i.HAL_RCC_GetPCLK2Freq                   0x08002130   Section        0  stm32f7xx_hal_rcc.o(i.HAL_RCC_GetPCLK2Freq)
    i.HAL_RCC_GetSysClockFreq                0x08002150   Section        0  stm32f7xx_hal_rcc.o(i.HAL_RCC_GetSysClockFreq)
    i.HAL_RCC_NMI_IRQHandler                 0x080021c4   Section        0  stm32f7xx_hal_rcc.o(i.HAL_RCC_NMI_IRQHandler)
    i.HAL_RCC_OscConfig                      0x080021e8   Section        0  stm32f7xx_hal_rcc.o(i.HAL_RCC_OscConfig)
    i.HAL_SYSTICK_Config                     0x08002638   Section        0  stm32f7xx_hal_cortex.o(i.HAL_SYSTICK_Config)
    i.HAL_UARTEx_WakeupCallback              0x08002664   Section        0  stm32f7xx_hal_uart.o(i.HAL_UARTEx_WakeupCallback)
    i.HAL_UART_EnableReceiverTimeout         0x08002666   Section        0  stm32f7xx_hal_uart.o(i.HAL_UART_EnableReceiverTimeout)
    i.HAL_UART_ErrorCallback                 0x0800269a   Section        0  stm32f7xx_hal_uart.o(i.HAL_UART_ErrorCallback)
    i.HAL_UART_IRQHandler                    0x0800269c   Section        0  stm32f7xx_hal_uart.o(i.HAL_UART_IRQHandler)
    i.HAL_UART_Init                          0x08002860   Section        0  stm32f7xx_hal_uart.o(i.HAL_UART_Init)
    i.HAL_UART_MspInit                       0x080028cc   Section        0  stm32f7xx_hal_msp.o(i.HAL_UART_MspInit)
    i.HAL_UART_ReceiverTimeout_Config        0x08002a34   Section        0  stm32f7xx_hal_uart.o(i.HAL_UART_ReceiverTimeout_Config)
    i.HAL_UART_TxCpltCallback                0x08002a42   Section        0  stm32f7xx_hal_uart.o(i.HAL_UART_TxCpltCallback)
    i.HardFault_Handler                      0x08002a44   Section        0  stm32f7xx_it.o(i.HardFault_Handler)
    i.LED_Init                               0x08002a48   Section        0  led.o(i.LED_Init)
    i.MTi_630_Init                           0x08002abc   Section        0  mti_630.o(i.MTi_630_Init)
    i.MemManage_Handler                      0x08002c10   Section        0  stm32f7xx_it.o(i.MemManage_Handler)
    i.Motor_Data_Read                        0x08002c14   Section        0  commandprocess.o(i.Motor_Data_Read)
    i.Motor_Frame                            0x08002cac   Section        0  dataframe.o(i.Motor_Frame)
    i.NMI_Handler                            0x08002dd4   Section        0  stm32f7xx_it.o(i.NMI_Handler)
    i.Packet_Frame                           0x08002dd8   Section        0  dataframe.o(i.Packet_Frame)
    i.PendSV_Handler                         0x08002f2c   Section        0  stm32f7xx_it.o(i.PendSV_Handler)
    i.Read_Dev_Choose                        0x08002f30   Section        0  commandprocess.o(i.Read_Dev_Choose)
    i.Req_Send                               0x08002f58   Section        0  commandprocess.o(i.Req_Send)
    i.SVC_Handler                            0x08002fca   Section        0  stm32f7xx_it.o(i.SVC_Handler)
    i.SysTick_Handler                        0x08002fcc   Section        0  stm32f7xx_it.o(i.SysTick_Handler)
    i.SystemClock_Config                     0x08002fd0   Section        0  clock_init.o(i.SystemClock_Config)
    i.SystemInit                             0x080030ac   Section        0  system_stm32f7xx.o(i.SystemInit)
    i.UART4_IRQHandler                       0x080030c8   Section        0  stm32f7xx_it.o(i.UART4_IRQHandler)
    i.UART5_IRQHandler                       0x08003170   Section        0  stm32f7xx_it.o(i.UART5_IRQHandler)
    i.UART_AdvFeatureConfig                  0x0800317c   Section        0  stm32f7xx_hal_uart.o(i.UART_AdvFeatureConfig)
    i.UART_CheckIdleState                    0x08003256   Section        0  stm32f7xx_hal_uart.o(i.UART_CheckIdleState)
    i.UART_DMAAbortOnError                   0x080032b2   Section        0  stm32f7xx_hal_uart.o(i.UART_DMAAbortOnError)
    UART_DMAAbortOnError                     0x080032b3   Thumb Code    20  stm32f7xx_hal_uart.o(i.UART_DMAAbortOnError)
    i.UART_SetConfig                         0x080032c8   Section        0  stm32f7xx_hal_uart.o(i.UART_SetConfig)
    i.UART_Transmit                          0x08003578   Section        0  config.o(i.UART_Transmit)
    i.UART_WaitOnFlagUntilTimeout            0x080035ba   Section        0  stm32f7xx_hal_uart.o(i.UART_WaitOnFlagUntilTimeout)
    i.USART1_IRQHandler                      0x0800367c   Section        0  stm32f7xx_it.o(i.USART1_IRQHandler)
    i.USART2_IRQHandler                      0x08003724   Section        0  stm32f7xx_it.o(i.USART2_IRQHandler)
    i.USB2UART_Init                          0x080037cc   Section        0  usb2uart.o(i.USB2UART_Init)
    i.USB2UART_SendData                      0x080038c4   Section        0  usb2uart.o(i.USB2UART_SendData)
    i.UsageFault_Handler                     0x08003948   Section        0  stm32f7xx_it.o(i.UsageFault_Handler)
    i.__ARM_common_memclr4_5                 0x0800394a   Section        0  dataframe.o(i.__ARM_common_memclr4_5)
    i.__scatterload_copy                     0x08003952   Section       14  handlers.o(i.__scatterload_copy)
    i.__scatterload_null                     0x08003960   Section        2  handlers.o(i.__scatterload_null)
    i.__scatterload_zeroinit                 0x08003962   Section       14  handlers.o(i.__scatterload_zeroinit)
    i.free                                   0x08003970   Section        0  malloc.o(i.free)
    i.main                                   0x080039c0   Section        0  main.o(i.main)
    i.malloc                                 0x080039f4   Section        0  malloc.o(i.malloc)
    i.update_crc                             0x08003a60   Section        0  commandprocess.o(i.update_crc)
    .constdata                               0x08003aa8   Section      512  commandprocess.o(.constdata)
    .constdata                               0x08003ca8   Section        8  stm32f7xx_hal_dma.o(.constdata)
    flagBitshiftOffset                       0x08003ca8   Data           8  stm32f7xx_hal_dma.o(.constdata)
    .constdata                               0x08003cb0   Section       16  system_stm32f7xx.o(.constdata)
    .constdata                               0x08003cc0   Section        8  system_stm32f7xx.o(.constdata)
    .data                                    0x20000000   Section        4  stm32f7xx_it.o(.data)
    .data                                    0x20000004   Section        8  commandprocess.o(.data)
    .data                                    0x2000000c   Section        1  commandprocess.o(.data)
    .data                                    0x20000010   Section       20  dataframe.o(.data)
    .data                                    0x20000024   Section       12  stm32f7xx_hal.o(.data)
    .data                                    0x20000030   Section        4  system_stm32f7xx.o(.data)
    .data                                    0x20000034   Section        4  mvars.o(.data)
    .data                                    0x20000038   Section        4  mvars.o(.data)
    .bss                                     0x2000003c   Section      128  debug_uart5.o(.bss)
    .bss                                     0x200000bc   Section      400  dynamixelmotor.o(.bss)
    .bss                                     0x2000024c   Section      576  usb2uart.o(.bss)
    .bss                                     0x2000048c   Section      452  mti_630.o(.bss)
    HEAP                                     0x20000650   Section      512  startup_stm32f767xx.o(HEAP)
    STACK                                    0x20000850   Section     1024  startup_stm32f767xx.o(STACK)

    Global Symbols

    Symbol Name                              Value     Ov Type        Size  Object(Section)

    BuildAttributes$$THM_ISAv4$E$P$D$K$B$S$7EM$VFPv5_D16$PE$PLD8$A:L22UL41UL21$X:L11$S22US41US21$IEEE1$IW$USESV6$~STKCKD$USESV7$~SHL$OTIME$EBA8$MICROLIB$REQ8$PRES8$EABIv2 0x00000000   Number         0  anon$$obj.o ABSOLUTE
    __ARM_use_no_argv                        0x00000000   Number         0  main.o ABSOLUTE
    __cpp_initialize__aeabi_                  - Undefined Weak Reference
    __cxa_finalize                            - Undefined Weak Reference
    __decompress                              - Undefined Weak Reference
    _clock_init                               - Undefined Weak Reference
    _microlib_exit                            - Undefined Weak Reference
    __Vectors_Size                           0x000001f8   Number         0  startup_stm32f767xx.o ABSOLUTE
    __Vectors                                0x08000000   Data           4  startup_stm32f767xx.o(RESET)
    __Vectors_End                            0x080001f8   Data           0  startup_stm32f767xx.o(RESET)
    __main                                   0x080001f9   Thumb Code     0  entry.o(.ARM.Collect$$$$00000000)
    _main_stk                                0x080001f9   Thumb Code     0  entry2.o(.ARM.Collect$$$$00000001)
    _main_scatterload                        0x080001fd   Thumb Code     0  entry5.o(.ARM.Collect$$$$00000004)
    __main_after_scatterload                 0x08000201   Thumb Code     0  entry5.o(.ARM.Collect$$$$00000004)
    _main_clock                              0x08000201   Thumb Code     0  entry7b.o(.ARM.Collect$$$$00000008)
    _main_cpp_init                           0x08000201   Thumb Code     0  entry8b.o(.ARM.Collect$$$$0000000A)
    _main_init                               0x08000201   Thumb Code     0  entry9a.o(.ARM.Collect$$$$0000000B)
    __rt_final_cpp                           0x08000209   Thumb Code     0  entry10a.o(.ARM.Collect$$$$0000000D)
    __rt_final_exit                          0x08000209   Thumb Code     0  entry11a.o(.ARM.Collect$$$$0000000F)
    Reset_Handler                            0x0800020d   Thumb Code     8  startup_stm32f767xx.o(.text)
    ADC_IRQHandler                           0x08000227   Thumb Code     0  startup_stm32f767xx.o(.text)
    CAN1_RX0_IRQHandler                      0x08000227   Thumb Code     0  startup_stm32f767xx.o(.text)
    CAN1_RX1_IRQHandler                      0x08000227   Thumb Code     0  startup_stm32f767xx.o(.text)
    CAN1_SCE_IRQHandler                      0x08000227   Thumb Code     0  startup_stm32f767xx.o(.text)
    CAN1_TX_IRQHandler                       0x08000227   Thumb Code     0  startup_stm32f767xx.o(.text)
    CAN2_RX0_IRQHandler                      0x08000227   Thumb Code     0  startup_stm32f767xx.o(.text)
    CAN2_RX1_IRQHandler                      0x08000227   Thumb Code     0  startup_stm32f767xx.o(.text)
    CAN2_SCE_IRQHandler                      0x08000227   Thumb Code     0  startup_stm32f767xx.o(.text)
    CAN2_TX_IRQHandler                       0x08000227   Thumb Code     0  startup_stm32f767xx.o(.text)
    CAN3_RX0_IRQHandler                      0x08000227   Thumb Code     0  startup_stm32f767xx.o(.text)
    CAN3_RX1_IRQHandler                      0x08000227   Thumb Code     0  startup_stm32f767xx.o(.text)
    CAN3_SCE_IRQHandler                      0x08000227   Thumb Code     0  startup_stm32f767xx.o(.text)
    CAN3_TX_IRQHandler                       0x08000227   Thumb Code     0  startup_stm32f767xx.o(.text)
    CEC_IRQHandler                           0x08000227   Thumb Code     0  startup_stm32f767xx.o(.text)
    DCMI_IRQHandler                          0x08000227   Thumb Code     0  startup_stm32f767xx.o(.text)
    DFSDM1_FLT0_IRQHandler                   0x08000227   Thumb Code     0  startup_stm32f767xx.o(.text)
    DFSDM1_FLT1_IRQHandler                   0x08000227   Thumb Code     0  startup_stm32f767xx.o(.text)
    DFSDM1_FLT2_IRQHandler                   0x08000227   Thumb Code     0  startup_stm32f767xx.o(.text)
    DFSDM1_FLT3_IRQHandler                   0x08000227   Thumb Code     0  startup_stm32f767xx.o(.text)
    DMA1_Stream0_IRQHandler                  0x08000227   Thumb Code     0  startup_stm32f767xx.o(.text)
    DMA1_Stream1_IRQHandler                  0x08000227   Thumb Code     0  startup_stm32f767xx.o(.text)
    DMA1_Stream2_IRQHandler                  0x08000227   Thumb Code     0  startup_stm32f767xx.o(.text)
    DMA1_Stream3_IRQHandler                  0x08000227   Thumb Code     0  startup_stm32f767xx.o(.text)
    DMA1_Stream4_IRQHandler                  0x08000227   Thumb Code     0  startup_stm32f767xx.o(.text)
    DMA1_Stream7_IRQHandler                  0x08000227   Thumb Code     0  startup_stm32f767xx.o(.text)
    DMA2D_IRQHandler                         0x08000227   Thumb Code     0  startup_stm32f767xx.o(.text)
    DMA2_Stream0_IRQHandler                  0x08000227   Thumb Code     0  startup_stm32f767xx.o(.text)
    DMA2_Stream1_IRQHandler                  0x08000227   Thumb Code     0  startup_stm32f767xx.o(.text)
    DMA2_Stream2_IRQHandler                  0x08000227   Thumb Code     0  startup_stm32f767xx.o(.text)
    DMA2_Stream3_IRQHandler                  0x08000227   Thumb Code     0  startup_stm32f767xx.o(.text)
    DMA2_Stream4_IRQHandler                  0x08000227   Thumb Code     0  startup_stm32f767xx.o(.text)
    DMA2_Stream5_IRQHandler                  0x08000227   Thumb Code     0  startup_stm32f767xx.o(.text)
    DMA2_Stream6_IRQHandler                  0x08000227   Thumb Code     0  startup_stm32f767xx.o(.text)
    DMA2_Stream7_IRQHandler                  0x08000227   Thumb Code     0  startup_stm32f767xx.o(.text)
    ETH_IRQHandler                           0x08000227   Thumb Code     0  startup_stm32f767xx.o(.text)
    ETH_WKUP_IRQHandler                      0x08000227   Thumb Code     0  startup_stm32f767xx.o(.text)
    EXTI0_IRQHandler                         0x08000227   Thumb Code     0  startup_stm32f767xx.o(.text)
    EXTI1_IRQHandler                         0x08000227   Thumb Code     0  startup_stm32f767xx.o(.text)
    EXTI2_IRQHandler                         0x08000227   Thumb Code     0  startup_stm32f767xx.o(.text)
    EXTI3_IRQHandler                         0x08000227   Thumb Code     0  startup_stm32f767xx.o(.text)
    EXTI4_IRQHandler                         0x08000227   Thumb Code     0  startup_stm32f767xx.o(.text)
    EXTI9_5_IRQHandler                       0x08000227   Thumb Code     0  startup_stm32f767xx.o(.text)
    FLASH_IRQHandler                         0x08000227   Thumb Code     0  startup_stm32f767xx.o(.text)
    FMC_IRQHandler                           0x08000227   Thumb Code     0  startup_stm32f767xx.o(.text)
    FPU_IRQHandler                           0x08000227   Thumb Code     0  startup_stm32f767xx.o(.text)
    I2C1_ER_IRQHandler                       0x08000227   Thumb Code     0  startup_stm32f767xx.o(.text)
    I2C1_EV_IRQHandler                       0x08000227   Thumb Code     0  startup_stm32f767xx.o(.text)
    I2C2_ER_IRQHandler                       0x08000227   Thumb Code     0  startup_stm32f767xx.o(.text)
    I2C2_EV_IRQHandler                       0x08000227   Thumb Code     0  startup_stm32f767xx.o(.text)
    I2C3_ER_IRQHandler                       0x08000227   Thumb Code     0  startup_stm32f767xx.o(.text)
    I2C3_EV_IRQHandler                       0x08000227   Thumb Code     0  startup_stm32f767xx.o(.text)
    I2C4_ER_IRQHandler                       0x08000227   Thumb Code     0  startup_stm32f767xx.o(.text)
    I2C4_EV_IRQHandler                       0x08000227   Thumb Code     0  startup_stm32f767xx.o(.text)
    JPEG_IRQHandler                          0x08000227   Thumb Code     0  startup_stm32f767xx.o(.text)
    LPTIM1_IRQHandler                        0x08000227   Thumb Code     0  startup_stm32f767xx.o(.text)
    LTDC_ER_IRQHandler                       0x08000227   Thumb Code     0  startup_stm32f767xx.o(.text)
    LTDC_IRQHandler                          0x08000227   Thumb Code     0  startup_stm32f767xx.o(.text)
    MDIOS_IRQHandler                         0x08000227   Thumb Code     0  startup_stm32f767xx.o(.text)
    OTG_FS_IRQHandler                        0x08000227   Thumb Code     0  startup_stm32f767xx.o(.text)
    OTG_FS_WKUP_IRQHandler                   0x08000227   Thumb Code     0  startup_stm32f767xx.o(.text)
    OTG_HS_EP1_IN_IRQHandler                 0x08000227   Thumb Code     0  startup_stm32f767xx.o(.text)
    OTG_HS_EP1_OUT_IRQHandler                0x08000227   Thumb Code     0  startup_stm32f767xx.o(.text)
    OTG_HS_IRQHandler                        0x08000227   Thumb Code     0  startup_stm32f767xx.o(.text)
    OTG_HS_WKUP_IRQHandler                   0x08000227   Thumb Code     0  startup_stm32f767xx.o(.text)
    PVD_IRQHandler                           0x08000227   Thumb Code     0  startup_stm32f767xx.o(.text)
    QUADSPI_IRQHandler                       0x08000227   Thumb Code     0  startup_stm32f767xx.o(.text)
    RCC_IRQHandler                           0x08000227   Thumb Code     0  startup_stm32f767xx.o(.text)
    RNG_IRQHandler                           0x08000227   Thumb Code     0  startup_stm32f767xx.o(.text)
    RTC_Alarm_IRQHandler                     0x08000227   Thumb Code     0  startup_stm32f767xx.o(.text)
    RTC_WKUP_IRQHandler                      0x08000227   Thumb Code     0  startup_stm32f767xx.o(.text)
    SAI1_IRQHandler                          0x08000227   Thumb Code     0  startup_stm32f767xx.o(.text)
    SAI2_IRQHandler                          0x08000227   Thumb Code     0  startup_stm32f767xx.o(.text)
    SDMMC1_IRQHandler                        0x08000227   Thumb Code     0  startup_stm32f767xx.o(.text)
    SDMMC2_IRQHandler                        0x08000227   Thumb Code     0  startup_stm32f767xx.o(.text)
    SPDIF_RX_IRQHandler                      0x08000227   Thumb Code     0  startup_stm32f767xx.o(.text)
    SPI1_IRQHandler                          0x08000227   Thumb Code     0  startup_stm32f767xx.o(.text)
    SPI2_IRQHandler                          0x08000227   Thumb Code     0  startup_stm32f767xx.o(.text)
    SPI3_IRQHandler                          0x08000227   Thumb Code     0  startup_stm32f767xx.o(.text)
    SPI4_IRQHandler                          0x08000227   Thumb Code     0  startup_stm32f767xx.o(.text)
    SPI5_IRQHandler                          0x08000227   Thumb Code     0  startup_stm32f767xx.o(.text)
    SPI6_IRQHandler                          0x08000227   Thumb Code     0  startup_stm32f767xx.o(.text)
    TAMP_STAMP_IRQHandler                    0x08000227   Thumb Code     0  startup_stm32f767xx.o(.text)
    TIM1_BRK_TIM9_IRQHandler                 0x08000227   Thumb Code     0  startup_stm32f767xx.o(.text)
    TIM1_CC_IRQHandler                       0x08000227   Thumb Code     0  startup_stm32f767xx.o(.text)
    TIM1_TRG_COM_TIM11_IRQHandler            0x08000227   Thumb Code     0  startup_stm32f767xx.o(.text)
    TIM1_UP_TIM10_IRQHandler                 0x08000227   Thumb Code     0  startup_stm32f767xx.o(.text)
    TIM2_IRQHandler                          0x08000227   Thumb Code     0  startup_stm32f767xx.o(.text)
    TIM3_IRQHandler                          0x08000227   Thumb Code     0  startup_stm32f767xx.o(.text)
    TIM4_IRQHandler                          0x08000227   Thumb Code     0  startup_stm32f767xx.o(.text)
    TIM5_IRQHandler                          0x08000227   Thumb Code     0  startup_stm32f767xx.o(.text)
    TIM6_DAC_IRQHandler                      0x08000227   Thumb Code     0  startup_stm32f767xx.o(.text)
    TIM7_IRQHandler                          0x08000227   Thumb Code     0  startup_stm32f767xx.o(.text)
    TIM8_BRK_TIM12_IRQHandler                0x08000227   Thumb Code     0  startup_stm32f767xx.o(.text)
    TIM8_CC_IRQHandler                       0x08000227   Thumb Code     0  startup_stm32f767xx.o(.text)
    TIM8_TRG_COM_TIM14_IRQHandler            0x08000227   Thumb Code     0  startup_stm32f767xx.o(.text)
    TIM8_UP_TIM13_IRQHandler                 0x08000227   Thumb Code     0  startup_stm32f767xx.o(.text)
    UART7_IRQHandler                         0x08000227   Thumb Code     0  startup_stm32f767xx.o(.text)
    UART8_IRQHandler                         0x08000227   Thumb Code     0  startup_stm32f767xx.o(.text)
    USART3_IRQHandler                        0x08000227   Thumb Code     0  startup_stm32f767xx.o(.text)
    USART6_IRQHandler                        0x08000227   Thumb Code     0  startup_stm32f767xx.o(.text)
    WWDG_IRQHandler                          0x08000227   Thumb Code     0  startup_stm32f767xx.o(.text)
    __aeabi_uldivmod                         0x08000231   Thumb Code    98  uldiv.o(.text)
    __aeabi_memcpy                           0x08000293   Thumb Code    36  memcpya.o(.text)
    __aeabi_memcpy4                          0x08000293   Thumb Code     0  memcpya.o(.text)
    __aeabi_memcpy8                          0x08000293   Thumb Code     0  memcpya.o(.text)
    __aeabi_memset                           0x080002b7   Thumb Code    14  memseta.o(.text)
    __aeabi_memset4                          0x080002b7   Thumb Code     0  memseta.o(.text)
    __aeabi_memset8                          0x080002b7   Thumb Code     0  memseta.o(.text)
    __aeabi_memclr                           0x080002c5   Thumb Code     4  memseta.o(.text)
    __aeabi_memclr4                          0x080002c5   Thumb Code     0  memseta.o(.text)
    __aeabi_memclr8                          0x080002c5   Thumb Code     0  memseta.o(.text)
    _memset$wrapper                          0x080002c9   Thumb Code    18  memseta.o(.text)
    __aeabi_llsl                             0x080002db   Thumb Code    30  llshl.o(.text)
    _ll_shift_l                              0x080002db   Thumb Code     0  llshl.o(.text)
    __aeabi_llsr                             0x080002f9   Thumb Code    32  llushr.o(.text)
    _ll_ushift_r                             0x080002f9   Thumb Code     0  llushr.o(.text)
    __scatterload                            0x08000319   Thumb Code    28  init.o(.text)
    __scatterload_rt2                        0x08000319   Thumb Code     0  init.o(.text)
    BusFault_Handler                         0x0800033d   Thumb Code     2  stm32f7xx_it.o(i.BusFault_Handler)
    CacheEnalble                             0x08000341   Thumb Code   124  config.o(i.CacheEnalble)
    Cmd_Distribute                           0x080003d1   Thumb Code   124  commandprocess.o(i.Cmd_Distribute)
    Config_Send                              0x08000455   Thumb Code   418  commandprocess.o(i.Config_Send)
    DMA1_Stream5_IRQHandler                  0x080005f9   Thumb Code   132  stm32f7xx_it.o(i.DMA1_Stream5_IRQHandler)
    DMA1_Stream6_IRQHandler                  0x080006a9   Thumb Code     6  stm32f7xx_it.o(i.DMA1_Stream6_IRQHandler)
    DXLMotor_Init                            0x080006b5   Thumb Code   286  dynamixelmotor.o(i.DXLMotor_Init)
    DXL_SendData                             0x080007f9   Thumb Code   156  dynamixelmotor.o(i.DXL_SendData)
    Data_Receive                             0x0800089d   Thumb Code    28  commandprocess.o(i.Data_Receive)
    Data_Send                                0x080008c5   Thumb Code    26  dataframe.o(i.Data_Send)
    DebugMon_Handler                         0x080008e5   Thumb Code     2  stm32f7xx_it.o(i.DebugMon_Handler)
    Device_Choose                            0x080008e7   Thumb Code    76  commandprocess.o(i.Device_Choose)
    EXTI15_10_IRQHandler                     0x08000933   Thumb Code    22  stm32f7xx_it.o(i.EXTI15_10_IRQHandler)
    Error_Handler                            0x08000949   Thumb Code     2  config.o(i.Error_Handler)
    HAL_DMAEx_MultiBufferStart_IT            0x0800094d   Thumb Code  1978  stm32f7xx_hal_dma_ex.o(i.HAL_DMAEx_MultiBufferStart_IT)
    HAL_DMA_Abort_IT                         0x08001125   Thumb Code    36  stm32f7xx_hal_dma.o(i.HAL_DMA_Abort_IT)
    HAL_DMA_IRQHandler                       0x08001149   Thumb Code   468  stm32f7xx_hal_dma.o(i.HAL_DMA_IRQHandler)
    HAL_DMA_Init                             0x08001321   Thumb Code   320  stm32f7xx_hal_dma.o(i.HAL_DMA_Init)
    HAL_DMA_Start                            0x0800146d   Thumb Code   122  stm32f7xx_hal_dma.o(i.HAL_DMA_Start)
    HAL_Delay                                0x080014e9   Thumb Code    34  stm32f7xx_hal.o(i.HAL_Delay)
    HAL_GPIO_EXTI_Callback                   0x08001511   Thumb Code    86  key.o(i.HAL_GPIO_EXTI_Callback)
    HAL_GPIO_EXTI_IRQHandler                 0x0800156d   Thumb Code    20  stm32f7xx_hal_gpio.o(i.HAL_GPIO_EXTI_IRQHandler)
    HAL_GPIO_Init                            0x08001585   Thumb Code   554  stm32f7xx_hal_gpio.o(i.HAL_GPIO_Init)
    HAL_GPIO_ReadPin                         0x080017c5   Thumb Code    10  stm32f7xx_hal_gpio.o(i.HAL_GPIO_ReadPin)
    HAL_GPIO_TogglePin                       0x080017cf   Thumb Code    12  stm32f7xx_hal_gpio.o(i.HAL_GPIO_TogglePin)
    HAL_GPIO_WritePin                        0x080017db   Thumb Code    10  stm32f7xx_hal_gpio.o(i.HAL_GPIO_WritePin)
    HAL_GetTick                              0x080017e5   Thumb Code     6  stm32f7xx_hal.o(i.HAL_GetTick)
    HAL_IncTick                              0x080017f1   Thumb Code    12  stm32f7xx_hal.o(i.HAL_IncTick)
    HAL_Init                                 0x08001801   Thumb Code    22  stm32f7xx_hal.o(i.HAL_Init)
    HAL_InitTick                             0x08001819   Thumb Code    54  stm32f7xx_hal.o(i.HAL_InitTick)
    HAL_MspInit                              0x08001859   Thumb Code    42  stm32f7xx_hal_msp.o(i.HAL_MspInit)
    HAL_NVIC_EnableIRQ                       0x0800188d   Thumb Code    30  stm32f7xx_hal_cortex.o(i.HAL_NVIC_EnableIRQ)
    HAL_NVIC_SetPriority                     0x080018ad   Thumb Code    94  stm32f7xx_hal_cortex.o(i.HAL_NVIC_SetPriority)
    HAL_NVIC_SetPriorityGrouping             0x08001911   Thumb Code    30  stm32f7xx_hal_cortex.o(i.HAL_NVIC_SetPriorityGrouping)
    HAL_PWREx_EnableOverDrive                0x08001935   Thumb Code   114  stm32f7xx_hal_pwr_ex.o(i.HAL_PWREx_EnableOverDrive)
    HAL_PWR_EnableBkUpAccess                 0x080019b1   Thumb Code    12  stm32f7xx_hal_pwr.o(i.HAL_PWR_EnableBkUpAccess)
    HAL_RCCEx_PeriphCLKConfig                0x080019c1   Thumb Code  1478  stm32f7xx_hal_rcc_ex.o(i.HAL_RCCEx_PeriphCLKConfig)
    HAL_RCC_CSSCallback                      0x08001f8d   Thumb Code     2  stm32f7xx_hal_rcc.o(i.HAL_RCC_CSSCallback)
    HAL_RCC_ClockConfig                      0x08001f91   Thumb Code   342  stm32f7xx_hal_rcc.o(i.HAL_RCC_ClockConfig)
    HAL_RCC_EnableCSS                        0x08002101   Thumb Code    12  stm32f7xx_hal_rcc.o(i.HAL_RCC_EnableCSS)
    HAL_RCC_GetPCLK1Freq                     0x08002111   Thumb Code    20  stm32f7xx_hal_rcc.o(i.HAL_RCC_GetPCLK1Freq)
    HAL_RCC_GetPCLK2Freq                     0x08002131   Thumb Code    20  stm32f7xx_hal_rcc.o(i.HAL_RCC_GetPCLK2Freq)
    HAL_RCC_GetSysClockFreq                  0x08002151   Thumb Code    98  stm32f7xx_hal_rcc.o(i.HAL_RCC_GetSysClockFreq)
    HAL_RCC_NMI_IRQHandler                   0x080021c5   Thumb Code    26  stm32f7xx_hal_rcc.o(i.HAL_RCC_NMI_IRQHandler)
    HAL_RCC_OscConfig                        0x080021e9   Thumb Code  1080  stm32f7xx_hal_rcc.o(i.HAL_RCC_OscConfig)
    HAL_SYSTICK_Config                       0x08002639   Thumb Code    38  stm32f7xx_hal_cortex.o(i.HAL_SYSTICK_Config)
    HAL_UARTEx_WakeupCallback                0x08002665   Thumb Code     2  stm32f7xx_hal_uart.o(i.HAL_UARTEx_WakeupCallback)
    HAL_UART_EnableReceiverTimeout           0x08002667   Thumb Code    52  stm32f7xx_hal_uart.o(i.HAL_UART_EnableReceiverTimeout)
    HAL_UART_ErrorCallback                   0x0800269b   Thumb Code     2  stm32f7xx_hal_uart.o(i.HAL_UART_ErrorCallback)
    HAL_UART_IRQHandler                      0x0800269d   Thumb Code   446  stm32f7xx_hal_uart.o(i.HAL_UART_IRQHandler)
    HAL_UART_Init                            0x08002861   Thumb Code   106  stm32f7xx_hal_uart.o(i.HAL_UART_Init)
    HAL_UART_MspInit                         0x080028cd   Thumb Code   340  stm32f7xx_hal_msp.o(i.HAL_UART_MspInit)
    HAL_UART_ReceiverTimeout_Config          0x08002a35   Thumb Code    14  stm32f7xx_hal_uart.o(i.HAL_UART_ReceiverTimeout_Config)
    HAL_UART_TxCpltCallback                  0x08002a43   Thumb Code     2  stm32f7xx_hal_uart.o(i.HAL_UART_TxCpltCallback)
    HardFault_Handler                        0x08002a45   Thumb Code     2  stm32f7xx_it.o(i.HardFault_Handler)
    LED_Init                                 0x08002a49   Thumb Code   106  led.o(i.LED_Init)
    MTi_630_Init                             0x08002abd   Thumb Code   304  mti_630.o(i.MTi_630_Init)
    MemManage_Handler                        0x08002c11   Thumb Code     2  stm32f7xx_it.o(i.MemManage_Handler)
    Motor_Data_Read                          0x08002c15   Thumb Code   142  commandprocess.o(i.Motor_Data_Read)
    Motor_Frame                              0x08002cad   Thumb Code   260  dataframe.o(i.Motor_Frame)
    NMI_Handler                              0x08002dd5   Thumb Code     4  stm32f7xx_it.o(i.NMI_Handler)
    Packet_Frame                             0x08002dd9   Thumb Code   300  dataframe.o(i.Packet_Frame)
    PendSV_Handler                           0x08002f2d   Thumb Code     2  stm32f7xx_it.o(i.PendSV_Handler)
    Read_Dev_Choose                          0x08002f31   Thumb Code    36  commandprocess.o(i.Read_Dev_Choose)
    Req_Send                                 0x08002f59   Thumb Code   114  commandprocess.o(i.Req_Send)
    SVC_Handler                              0x08002fcb   Thumb Code     2  stm32f7xx_it.o(i.SVC_Handler)
    SysTick_Handler                          0x08002fcd   Thumb Code     4  stm32f7xx_it.o(i.SysTick_Handler)
    SystemClock_Config                       0x08002fd1   Thumb Code   212  clock_init.o(i.SystemClock_Config)
    SystemInit                               0x080030ad   Thumb Code    20  system_stm32f7xx.o(i.SystemInit)
    UART4_IRQHandler                         0x080030c9   Thumb Code   130  stm32f7xx_it.o(i.UART4_IRQHandler)
    UART5_IRQHandler                         0x08003171   Thumb Code     6  stm32f7xx_it.o(i.UART5_IRQHandler)
    UART_AdvFeatureConfig                    0x0800317d   Thumb Code   218  stm32f7xx_hal_uart.o(i.UART_AdvFeatureConfig)
    UART_CheckIdleState                      0x08003257   Thumb Code    92  stm32f7xx_hal_uart.o(i.UART_CheckIdleState)
    UART_SetConfig                           0x080032c9   Thumb Code   670  stm32f7xx_hal_uart.o(i.UART_SetConfig)
    UART_Transmit                            0x08003579   Thumb Code    66  config.o(i.UART_Transmit)
    UART_WaitOnFlagUntilTimeout              0x080035bb   Thumb Code   192  stm32f7xx_hal_uart.o(i.UART_WaitOnFlagUntilTimeout)
    USART1_IRQHandler                        0x0800367d   Thumb Code   130  stm32f7xx_it.o(i.USART1_IRQHandler)
    USART2_IRQHandler                        0x08003725   Thumb Code   134  stm32f7xx_it.o(i.USART2_IRQHandler)
    USB2UART_Init                            0x080037cd   Thumb Code   216  usb2uart.o(i.USB2UART_Init)
    USB2UART_SendData                        0x080038c5   Thumb Code   128  usb2uart.o(i.USB2UART_SendData)
    UsageFault_Handler                       0x08003949   Thumb Code     2  stm32f7xx_it.o(i.UsageFault_Handler)
    __ARM_common_memclr4_5                   0x0800394b   Thumb Code     8  dataframe.o(i.__ARM_common_memclr4_5)
    __scatterload_copy                       0x08003953   Thumb Code    14  handlers.o(i.__scatterload_copy)
    __scatterload_null                       0x08003961   Thumb Code     2  handlers.o(i.__scatterload_null)
    __scatterload_zeroinit                   0x08003963   Thumb Code    14  handlers.o(i.__scatterload_zeroinit)
    free                                     0x08003971   Thumb Code    76  malloc.o(i.free)
    main                                     0x080039c1   Thumb Code    48  main.o(i.main)
    malloc                                   0x080039f5   Thumb Code    92  malloc.o(i.malloc)
    update_crc                               0x08003a61   Thumb Code    66  commandprocess.o(i.update_crc)
    AHBPrescTable                            0x08003cb0   Data          16  system_stm32f7xx.o(.constdata)
    APBPrescTable                            0x08003cc0   Data           8  system_stm32f7xx.o(.constdata)
    Region$$Table$$Base                      0x08003cc8   Number         0  anon$$obj.o(Region$$Table)
    Region$$Table$$Limit                     0x08003ce8   Number         0  anon$$obj.o(Region$$Table)
    UART4RxEndFlag                           0x20000000   Data           1  stm32f7xx_it.o(.data)
    UART4RxLen                               0x20000001   Data           1  stm32f7xx_it.o(.data)
    UART1RxEndFlag                           0x20000002   Data           1  stm32f7xx_it.o(.data)
    UART1RxLen                               0x20000003   Data           1  stm32f7xx_it.o(.data)
    MCU_Read_Flag                            0x20000004   Data           1  commandprocess.o(.data)
    IMU_Read_Flag                            0x20000005   Data           1  commandprocess.o(.data)
    Left_Read_Flag                           0x20000006   Data           1  commandprocess.o(.data)
    Right_Read_Flag                          0x20000007   Data           1  commandprocess.o(.data)
    Motor_Read_Flag                          0x20000008   Data           1  commandprocess.o(.data)
    Motor_Read_Cmd                           0x20000009   Data           1  commandprocess.o(.data)
    Sync_Read_Len                            0x2000000a   Data           1  commandprocess.o(.data)
    Bulk_Read_Len                            0x2000000b   Data           1  commandprocess.o(.data)
    Motor_Length_Sign                        0x2000000c   Data           1  commandprocess.o(.data)
    Motor_Buffer                             0x20000010   Data           4  dataframe.o(.data)
    IMU_Buffer                               0x20000014   Data           4  dataframe.o(.data)
    MCU_Buffer                               0x20000018   Data           4  dataframe.o(.data)
    Left_Buffer                              0x2000001c   Data           4  dataframe.o(.data)
    Right_Buffer                             0x20000020   Data           4  dataframe.o(.data)
    uwTickFreq                               0x20000024   Data           1  stm32f7xx_hal.o(.data)
    uwTickPrio                               0x20000028   Data           4  stm32f7xx_hal.o(.data)
    uwTick                                   0x2000002c   Data           4  stm32f7xx_hal.o(.data)
    SystemCoreClock                          0x20000030   Data           4  system_stm32f7xx.o(.data)
    __microlib_freelist                      0x20000034   Data           4  mvars.o(.data)
    __microlib_freelist_initialised          0x20000038   Data           4  mvars.o(.data)
    huart5                                   0x2000003c   Data         128  debug_uart5.o(.bss)
    DXL_aRxBuffer                            0x200000bc   Data          80  dynamixelmotor.o(.bss)
    huart1                                   0x2000010c   Data         128  dynamixelmotor.o(.bss)
    hdma_uart1_tx                            0x2000018c   Data          96  dynamixelmotor.o(.bss)
    hdma_uart1_rx                            0x200001ec   Data          96  dynamixelmotor.o(.bss)
    USB2UART_aRxBuffer0                      0x2000024c   Data         255  usb2uart.o(.bss)
    huart4                                   0x2000034c   Data         128  usb2uart.o(.bss)
    hdma_uart4_tx                            0x200003cc   Data          96  usb2uart.o(.bss)
    hdma_uart4_rx                            0x2000042c   Data          96  usb2uart.o(.bss)
    MTi_630_aRxBuffer0                       0x2000048c   Data          65  mti_630.o(.bss)
    MTi_630_aRxBuffer1                       0x200004cd   Data          65  mti_630.o(.bss)
    huart2                                   0x20000510   Data         128  mti_630.o(.bss)
    hdma_usart2_tx                           0x20000590   Data          96  mti_630.o(.bss)
    hdma_usart2_rx                           0x200005f0   Data          96  mti_630.o(.bss)
    __heap_base                              0x20000650   Data           0  startup_stm32f767xx.o(HEAP)
    __heap_limit                             0x20000850   Data           0  startup_stm32f767xx.o(HEAP)
    __initial_sp                             0x20000c50   Data           0  startup_stm32f767xx.o(STACK)



==============================================================================

Memory Map of the image

  Image Entry point : 0x080001f9

  Load Region LR_IROM1 (Base: 0x08000000, Size: 0x00003d24, Max: 0x00100000, ABSOLUTE)

    Execution Region ER_IROM1 (Base: 0x08000000, Size: 0x00003ce8, Max: 0x00100000, ABSOLUTE)

    Base Addr    Size         Type   Attr      Idx    E Section Name        Object

    0x08000000   0x000001f8   Data   RO            3    RESET               startup_stm32f767xx.o
    0x080001f8   0x00000000   Code   RO         2931  * .ARM.Collect$$$$00000000  mc_w.l(entry.o)
    0x080001f8   0x00000004   Code   RO         2970    .ARM.Collect$$$$00000001  mc_w.l(entry2.o)
    0x080001fc   0x00000004   Code   RO         2973    .ARM.Collect$$$$00000004  mc_w.l(entry5.o)
    0x08000200   0x00000000   Code   RO         2975    .ARM.Collect$$$$00000008  mc_w.l(entry7b.o)
    0x08000200   0x00000000   Code   RO         2977    .ARM.Collect$$$$0000000A  mc_w.l(entry8b.o)
    0x08000200   0x00000008   Code   RO         2978    .ARM.Collect$$$$0000000B  mc_w.l(entry9a.o)
    0x08000208   0x00000000   Code   RO         2980    .ARM.Collect$$$$0000000D  mc_w.l(entry10a.o)
    0x08000208   0x00000000   Code   RO         2982    .ARM.Collect$$$$0000000F  mc_w.l(entry11a.o)
    0x08000208   0x00000004   Code   RO         2971    .ARM.Collect$$$$00002712  mc_w.l(entry2.o)
    0x0800020c   0x00000024   Code   RO            4    .text               startup_stm32f767xx.o
    0x08000230   0x00000062   Code   RO         2934    .text               mc_w.l(uldiv.o)
    0x08000292   0x00000024   Code   RO         2936    .text               mc_w.l(memcpya.o)
    0x080002b6   0x00000024   Code   RO         2938    .text               mc_w.l(memseta.o)
    0x080002da   0x0000001e   Code   RO         2984    .text               mc_w.l(llshl.o)
    0x080002f8   0x00000020   Code   RO         2986    .text               mc_w.l(llushr.o)
    0x08000318   0x00000024   Code   RO         2990    .text               mc_w.l(init.o)
    0x0800033c   0x00000002   Code   RO          181    i.BusFault_Handler  stm32f7xx_it.o
    0x0800033e   0x00000002   PAD
    0x08000340   0x00000090   Code   RO          516    i.CacheEnalble      config.o
    0x080003d0   0x00000084   Code   RO          646    i.Cmd_Distribute    commandprocess.o
    0x08000454   0x000001a2   Code   RO          647    i.Config_Send       commandprocess.o
    0x080005f6   0x00000002   PAD
    0x080005f8   0x000000b0   Code   RO          182    i.DMA1_Stream5_IRQHandler  stm32f7xx_it.o
    0x080006a8   0x0000000c   Code   RO          183    i.DMA1_Stream6_IRQHandler  stm32f7xx_it.o
    0x080006b4   0x00000144   Code   RO          455    i.DXLMotor_Init     dynamixelmotor.o
    0x080007f8   0x000000a4   Code   RO          460    i.DXL_SendData      dynamixelmotor.o
    0x0800089c   0x00000028   Code   RO          648    i.Data_Receive      commandprocess.o
    0x080008c4   0x00000020   Code   RO          748    i.Data_Send         dataframe.o
    0x080008e4   0x00000002   Code   RO          184    i.DebugMon_Handler  stm32f7xx_it.o
    0x080008e6   0x0000004c   Code   RO          649    i.Device_Choose     commandprocess.o
    0x08000932   0x00000016   Code   RO          185    i.EXTI15_10_IRQHandler  stm32f7xx_it.o
    0x08000948   0x00000002   Code   RO          517    i.Error_Handler     config.o
    0x0800094a   0x00000002   PAD
    0x0800094c   0x000007d8   Code   RO         1875    i.HAL_DMAEx_MultiBufferStart_IT  stm32f7xx_hal_dma_ex.o
    0x08001124   0x00000024   Code   RO         1783    i.HAL_DMA_Abort_IT  stm32f7xx_hal_dma.o
    0x08001148   0x000001d8   Code   RO         1787    i.HAL_DMA_IRQHandler  stm32f7xx_hal_dma.o
    0x08001320   0x0000014c   Code   RO         1788    i.HAL_DMA_Init      stm32f7xx_hal_dma.o
    0x0800146c   0x0000007a   Code   RO         1791    i.HAL_DMA_Start     stm32f7xx_hal_dma.o
    0x080014e6   0x00000002   PAD
    0x080014e8   0x00000028   Code   RO         2132    i.HAL_Delay         stm32f7xx_hal.o
    0x08001510   0x0000005c   Code   RO          422    i.HAL_GPIO_EXTI_Callback  key.o
    0x0800156c   0x00000018   Code   RO         1718    i.HAL_GPIO_EXTI_IRQHandler  stm32f7xx_hal_gpio.o
    0x08001584   0x00000240   Code   RO         1719    i.HAL_GPIO_Init     stm32f7xx_hal_gpio.o
    0x080017c4   0x0000000a   Code   RO         1721    i.HAL_GPIO_ReadPin  stm32f7xx_hal_gpio.o
    0x080017ce   0x0000000c   Code   RO         1722    i.HAL_GPIO_TogglePin  stm32f7xx_hal_gpio.o
    0x080017da   0x0000000a   Code   RO         1723    i.HAL_GPIO_WritePin  stm32f7xx_hal_gpio.o
    0x080017e4   0x0000000c   Code   RO         2142    i.HAL_GetTick       stm32f7xx_hal.o
    0x080017f0   0x00000010   Code   RO         2148    i.HAL_IncTick       stm32f7xx_hal.o
    0x08001800   0x00000016   Code   RO         2149    i.HAL_Init          stm32f7xx_hal.o
    0x08001816   0x00000002   PAD
    0x08001818   0x00000040   Code   RO         2150    i.HAL_InitTick      stm32f7xx_hal.o
    0x08001858   0x00000034   Code   RO          301    i.HAL_MspInit       stm32f7xx_hal_msp.o
    0x0800188c   0x0000001e   Code   RO          818    i.HAL_NVIC_EnableIRQ  stm32f7xx_hal_cortex.o
    0x080018aa   0x00000002   PAD
    0x080018ac   0x00000064   Code   RO          824    i.HAL_NVIC_SetPriority  stm32f7xx_hal_cortex.o
    0x08001910   0x00000024   Code   RO          825    i.HAL_NVIC_SetPriorityGrouping  stm32f7xx_hal_cortex.o
    0x08001934   0x0000007c   Code   RO         2039    i.HAL_PWREx_EnableOverDrive  stm32f7xx_hal_pwr_ex.o
    0x080019b0   0x00000010   Code   RO         1916    i.HAL_PWR_EnableBkUpAccess  stm32f7xx_hal_pwr.o
    0x080019c0   0x000005cc   Code   RO         1516    i.HAL_RCCEx_PeriphCLKConfig  stm32f7xx_hal_rcc_ex.o
    0x08001f8c   0x00000002   Code   RO         1409    i.HAL_RCC_CSSCallback  stm32f7xx_hal_rcc.o
    0x08001f8e   0x00000002   PAD
    0x08001f90   0x00000170   Code   RO         1410    i.HAL_RCC_ClockConfig  stm32f7xx_hal_rcc.o
    0x08002100   0x00000010   Code   RO         1413    i.HAL_RCC_EnableCSS  stm32f7xx_hal_rcc.o
    0x08002110   0x00000020   Code   RO         1417    i.HAL_RCC_GetPCLK1Freq  stm32f7xx_hal_rcc.o
    0x08002130   0x00000020   Code   RO         1418    i.HAL_RCC_GetPCLK2Freq  stm32f7xx_hal_rcc.o
    0x08002150   0x00000074   Code   RO         1419    i.HAL_RCC_GetSysClockFreq  stm32f7xx_hal_rcc.o
    0x080021c4   0x00000024   Code   RO         1421    i.HAL_RCC_NMI_IRQHandler  stm32f7xx_hal_rcc.o
    0x080021e8   0x00000450   Code   RO         1422    i.HAL_RCC_OscConfig  stm32f7xx_hal_rcc.o
    0x08002638   0x0000002c   Code   RO          829    i.HAL_SYSTICK_Config  stm32f7xx_hal_cortex.o
    0x08002664   0x00000002   Code   RO          988    i.HAL_UARTEx_WakeupCallback  stm32f7xx_hal_uart.o
    0x08002666   0x00000034   Code   RO         1003    i.HAL_UART_EnableReceiverTimeout  stm32f7xx_hal_uart.o
    0x0800269a   0x00000002   Code   RO         1004    i.HAL_UART_ErrorCallback  stm32f7xx_hal_uart.o
    0x0800269c   0x000001c4   Code   RO         1007    i.HAL_UART_IRQHandler  stm32f7xx_hal_uart.o
    0x08002860   0x0000006a   Code   RO         1008    i.HAL_UART_Init     stm32f7xx_hal_uart.o
    0x080028ca   0x00000002   PAD
    0x080028cc   0x00000168   Code   RO          303    i.HAL_UART_MspInit  stm32f7xx_hal_msp.o
    0x08002a34   0x0000000e   Code   RO         1014    i.HAL_UART_ReceiverTimeout_Config  stm32f7xx_hal_uart.o
    0x08002a42   0x00000002   Code   RO         1020    i.HAL_UART_TxCpltCallback  stm32f7xx_hal_uart.o
    0x08002a44   0x00000002   Code   RO          186    i.HardFault_Handler  stm32f7xx_it.o
    0x08002a46   0x00000002   PAD
    0x08002a48   0x00000074   Code   RO          395    i.LED_Init          led.o
    0x08002abc   0x00000154   Code   RO          608    i.MTi_630_Init      mti_630.o
    0x08002c10   0x00000002   Code   RO          187    i.MemManage_Handler  stm32f7xx_it.o
    0x08002c12   0x00000002   PAD
    0x08002c14   0x00000098   Code   RO          653    i.Motor_Data_Read   commandprocess.o
    0x08002cac   0x00000128   Code   RO          752    i.Motor_Frame       dataframe.o
    0x08002dd4   0x00000004   Code   RO          188    i.NMI_Handler       stm32f7xx_it.o
    0x08002dd8   0x00000154   Code   RO          753    i.Packet_Frame      dataframe.o
    0x08002f2c   0x00000002   Code   RO          189    i.PendSV_Handler    stm32f7xx_it.o
    0x08002f2e   0x00000002   PAD
    0x08002f30   0x00000028   Code   RO          655    i.Read_Dev_Choose   commandprocess.o
    0x08002f58   0x00000072   Code   RO          656    i.Req_Send          commandprocess.o
    0x08002fca   0x00000002   Code   RO          190    i.SVC_Handler       stm32f7xx_it.o
    0x08002fcc   0x00000004   Code   RO          191    i.SysTick_Handler   stm32f7xx_it.o
    0x08002fd0   0x000000dc   Code   RO          337    i.SystemClock_Config  clock_init.o
    0x080030ac   0x0000001c   Code   RO         2897    i.SystemInit        system_stm32f7xx.o
    0x080030c8   0x000000a8   Code   RO          192    i.UART4_IRQHandler  stm32f7xx_it.o
    0x08003170   0x0000000c   Code   RO          193    i.UART5_IRQHandler  stm32f7xx_it.o
    0x0800317c   0x000000da   Code   RO         1022    i.UART_AdvFeatureConfig  stm32f7xx_hal_uart.o
    0x08003256   0x0000005c   Code   RO         1023    i.UART_CheckIdleState  stm32f7xx_hal_uart.o
    0x080032b2   0x00000014   Code   RO         1024    i.UART_DMAAbortOnError  stm32f7xx_hal_uart.o
    0x080032c6   0x00000002   PAD
    0x080032c8   0x000002b0   Code   RO         1036    i.UART_SetConfig    stm32f7xx_hal_uart.o
    0x08003578   0x00000042   Code   RO          519    i.UART_Transmit     config.o
    0x080035ba   0x000000c0   Code   RO         1039    i.UART_WaitOnFlagUntilTimeout  stm32f7xx_hal_uart.o
    0x0800367a   0x00000002   PAD
    0x0800367c   0x000000a8   Code   RO          194    i.USART1_IRQHandler  stm32f7xx_it.o
    0x08003724   0x000000a8   Code   RO          195    i.USART2_IRQHandler  stm32f7xx_it.o
    0x080037cc   0x000000f8   Code   RO          568    i.USB2UART_Init     usb2uart.o
    0x080038c4   0x00000084   Code   RO          569    i.USB2UART_SendData  usb2uart.o
    0x08003948   0x00000002   Code   RO          196    i.UsageFault_Handler  stm32f7xx_it.o
    0x0800394a   0x00000008   Code   RO          801    i.__ARM_common_memclr4_5  dataframe.o
    0x08003952   0x0000000e   Code   RO         2994    i.__scatterload_copy  mc_w.l(handlers.o)
    0x08003960   0x00000002   Code   RO         2995    i.__scatterload_null  mc_w.l(handlers.o)
    0x08003962   0x0000000e   Code   RO         2996    i.__scatterload_zeroinit  mc_w.l(handlers.o)
    0x08003970   0x00000050   Code   RO         2942    i.free              mc_w.l(malloc.o)
    0x080039c0   0x00000034   Code   RO           13    i.main              main.o
    0x080039f4   0x0000006c   Code   RO         2943    i.malloc            mc_w.l(malloc.o)
    0x08003a60   0x00000048   Code   RO          658    i.update_crc        commandprocess.o
    0x08003aa8   0x00000200   Data   RO          659    .constdata          commandprocess.o
    0x08003ca8   0x00000008   Data   RO         1794    .constdata          stm32f7xx_hal_dma.o
    0x08003cb0   0x00000010   Data   RO         2898    .constdata          system_stm32f7xx.o
    0x08003cc0   0x00000008   Data   RO         2899    .constdata          system_stm32f7xx.o
    0x08003cc8   0x00000020   Data   RO         2992    Region$$Table       anon$$obj.o


    Execution Region RW_IRAM1 (Base: 0x20000000, Size: 0x00000c50, Max: 0x00080000, ABSOLUTE)

    Base Addr    Size         Type   Attr      Idx    E Section Name        Object

    0x20000000   0x00000004   Data   RW          197    .data               stm32f7xx_it.o
    0x20000004   0x00000008   Data   RW          660    .data               commandprocess.o
    0x2000000c   0x00000001   Data   RW          661    .data               commandprocess.o
    0x2000000d   0x00000003   PAD
    0x20000010   0x00000014   Data   RW          755    .data               dataframe.o
    0x20000024   0x0000000c   Data   RW         2156    .data               stm32f7xx_hal.o
    0x20000030   0x00000004   Data   RW         2900    .data               system_stm32f7xx.o
    0x20000034   0x00000004   Data   RW         2988    .data               mc_w.l(mvars.o)
    0x20000038   0x00000004   Data   RW         2989    .data               mc_w.l(mvars.o)
    0x2000003c   0x00000080   Zero   RW          365    .bss                debug_uart5.o
    0x200000bc   0x00000190   Zero   RW          461    .bss                dynamixelmotor.o
    0x2000024c   0x00000240   Zero   RW          570    .bss                usb2uart.o
    0x2000048c   0x000001c4   Zero   RW          610    .bss                mti_630.o
    0x20000650   0x00000200   Zero   RW            2    HEAP                startup_stm32f767xx.o
    0x20000850   0x00000400   Zero   RW            1    STACK               startup_stm32f767xx.o


==============================================================================

Image component sizes


      Code (inc. data)   RO Data    RW Data    ZI Data      Debug   Object Name

       220          8          0          0          0       1037   clock_init.o
      1044         46        512          9          0       9107   commandprocess.o
       212         20          0          0          0      37138   config.o
       676         82          0         20          0       3508   dataframe.o
         0          0          0          0        128        527   debug_uart5.o
       488         46          0          0        400       3626   dynamixelmotor.o
        92          6          0          0          0        625   key.o
       116         10          0          0          0        847   led.o
        52          4          0          0          0     833515   main.o
       340         36          0          0        452       1597   mti_630.o
        36          8        504          0       1536        808   startup_stm32f767xx.o
       154         26          0         12          0       8965   stm32f7xx_hal.o
       210         18          0          0          0      38303   stm32f7xx_hal_cortex.o
       962         16          8          0          0       4863   stm32f7xx_hal_dma.o
      2008        104          0          0          0       1972   stm32f7xx_hal_dma_ex.o
       632         26          0          0          0       4383   stm32f7xx_hal_gpio.o
       412         30          0          0          0       1905   stm32f7xx_hal_msp.o
        16          4          0          0          0        519   stm32f7xx_hal_pwr.o
       124         10          0          0          0       1236   stm32f7xx_hal_pwr_ex.o
      1706        106          0          0          0       6969   stm32f7xx_hal_rcc.o
      1484         40          0          0          0       2432   stm32f7xx_hal_rcc_ex.o
      1840         44          0          0          0      10029   stm32f7xx_hal_uart.o
       748        166          0          4          0       8449   stm32f7xx_it.o
        28          8         24          4          0       1047   system_stm32f7xx.o
       380         36          0          0        576       2268   usb2uart.o

    ----------------------------------------------------------------------
     14006        900       1080         52       3092     985675   Object Totals
         0          0         32          0          0          0   (incl. Generated)
        26          0          0          3          0          0   (incl. Padding)

    ----------------------------------------------------------------------

      Code (inc. data)   RO Data    RW Data    ZI Data      Debug   Library Member Name

         0          0          0          0          0          0   entry.o
         0          0          0          0          0          0   entry10a.o
         0          0          0          0          0          0   entry11a.o
         8          4          0          0          0          0   entry2.o
         4          0          0          0          0          0   entry5.o
         0          0          0          0          0          0   entry7b.o
         0          0          0          0          0          0   entry8b.o
         8          4          0          0          0          0   entry9a.o
        30          0          0          0          0          0   handlers.o
        36          8          0          0          0         68   init.o
        30          0          0          0          0         68   llshl.o
        32          0          0          0          0         68   llushr.o
       188         20          0          0          0        160   malloc.o
        36          0          0          0          0         68   memcpya.o
        36          0          0          0          0        108   memseta.o
         0          0          0          8          0          0   mvars.o
        98          0          0          0          0         92   uldiv.o

    ----------------------------------------------------------------------
       506         36          0          8          0        632   Library Totals
         0          0          0          0          0          0   (incl. Padding)

    ----------------------------------------------------------------------

      Code (inc. data)   RO Data    RW Data    ZI Data      Debug   Library Name

       506         36          0          8          0        632   mc_w.l

    ----------------------------------------------------------------------
       506         36          0          8          0        632   Library Totals

    ----------------------------------------------------------------------

==============================================================================


      Code (inc. data)   RO Data    RW Data    ZI Data      Debug   

     14512        936       1080         60       3092     978351   Grand Totals
     14512        936       1080         60       3092     978351   ELF Image Totals
     14512        936       1080         60          0          0   ROM Totals

==============================================================================

    Total RO  Size (Code + RO Data)                15592 (  15.23kB)
    Total RW  Size (RW Data + ZI Data)              3152 (   3.08kB)
    Total ROM Size (Code + RO Data + RW Data)      15652 (  15.29kB)

==============================================================================

