<html>
<body>
<pre>
<h1>µVision Build Log</h1>
<h2>Tool Versions:</h2>
IDE-Version: ¦ÌVision V5.21.1.0
Copyright (C) 2016 ARM Ltd and ARM Germany GmbH. All rights reserved.
License Information: cao dd, zhejiang, LIC=YA39H-WXALY-TGS7T-RPDYK-HQE6S-IX0YD
 
Tool Versions:
Toolchain:       MDK-ARM Plus  Version: 5.21a
Toolchain Path:  F:\software\keil\ARM\ARMCC\Bin
C Compiler:      Armcc.exe V5.06 update 3 (build 300)
Assembler:       Armasm.exe V5.06 update 3 (build 300)
Linker/Locator:  ArmLink.exe V5.06 update 3 (build 300)
Library Manager: ArmAr.exe V5.06 update 3 (build 300)
Hex Converter:   FromElf.exe V5.06 update 3 (build 300)
CPU DLL:         SARMCM3.DLL V5.21a
Dialog DLL:      DCM.DLL V1.13.8.0
Target DLL:      STLink\ST-LINKIII-KEIL_SWO.dll V2.0.18.0
Dialog DLL:      TCM.DLL V1.14.14.0
 
<h2>Project:</h2>
G:\11\v8\MDK-ARM\TEST.uvprojx
Project File Date:  06/23/2020

<h2>Output:</h2>
*** Using Compiler 'V5.06 update 3 (build 300)', folder: 'F:\software\keil\ARM\ARMCC\Bin'
Build target 'TEST'
compiling main.c...
compiling dataFrame.c...
Drive\frame\dataFrame.c(138): warning:  #111-D: statement is unreachable
  				break;
Drive\frame\dataFrame.c(230): warning:  #167-D: argument of type "volatile u8 *" is incompatible with parameter of type "void *"
  		memset(MCU_Buffer,0,4);
Drive\frame\dataFrame.c(241): warning:  #167-D: argument of type "volatile u8 *" is incompatible with parameter of type "void *"
  		memset(Left_Buffer,0,4);
Drive\frame\dataFrame.c(251): warning:  #167-D: argument of type "volatile u8 *" is incompatible with parameter of type "void *"
  		memset(Right_Buffer,0,4);
Drive\frame\dataFrame.c(262): warning:  #167-D: argument of type "volatile u8 *" is incompatible with parameter of type "void *"
  		memset(IMU_Buffer,0,5);//³¤?È´ý¸ü¸?
Drive\frame\dataFrame.c(273): warning:  #167-D: argument of type "volatile u8 *" is incompatible with parameter of type "void *"
  		memset(Motor_Buffer,0,Motor_Length_Sign);
Drive\frame\dataFrame.c(282): warning:  #167-D: argument of type "volatile u8 *" is incompatible with parameter of type "unsigned char *"
  	CRC16 = update_crc(0, sendBuffer, i-1);
Drive\frame\dataFrame.c(290): warning:  #167-D: argument of type "volatile u8 *" is incompatible with parameter of type "u8 *"
  	USB2UART_SendData(sendBuffer,sendBufferLen);
Drive\frame\dataFrame.c(291): warning:  #167-D: argument of type "volatile u8 *" is incompatible with parameter of type "void *"
  	memset(sendBuffer,0,UART1RxLen);
Drive\frame\dataFrame.c: 9 warnings, 0 errors
compiling commandProcess.c...
Drive\command\commandProcess.c(587): warning:  #177-D: variable "com_H" was declared but never referenced
  	u8 com_L,com_H;
Drive\command\commandProcess.c: 1 warning, 0 errors
linking...
Program Size: Code=14512 RO-data=1080 RW-data=60 ZI-data=3092  
FromELF: creating hex file...
".\TEST\TEST.axf" - 0 Error(s), 10 Warning(s).

<h2>Software Packages used:</h2>

Package Vendor: ARM
                http://www.keil.com/pack/ARM.CMSIS.5.6.0.pack
                ARM::CMSIS:CORE:5.3.0
                CMSIS (Cortex Microcontroller Software Interface Standard)
   * Component: CORE Version: 5.3.0

<h2>Collection of Component include folders:</h2>
  G:\11\v8\MDK-ARM\RTE
  F:\software\keil\ARM\CMSIS\5.6.0\CMSIS\Core\Include
  F:\software\keil\Keil\STM32F7xx_DFP\2.7.0\Drivers\CMSIS\Device\ST\STM32F7xx\Include

<h2>Collection of Component Files used:</h2>

   * Component: ARM::CMSIS:CORE:5.3.0
Build Time Elapsed:  00:00:03
</pre>
</body>
</html>
